Archive member included to satisfy reference by file (symbol)

D:/arm-none-eabi-gcc/bin/../lib/gcc/arm-none-eabi/14.2.1/thumb/v7-m/nofp\libc_nano.a(libc_a-exit.o)
                              D:/arm-none-eabi-gcc/bin/../lib/gcc/arm-none-eabi/14.2.1/thumb/v7-m/nofp/crt0.o (exit)
D:/arm-none-eabi-gcc/bin/../lib/gcc/arm-none-eabi/14.2.1/thumb/v7-m/nofp\libc_nano.a(libc_a-rand.o)
                              build/dice.o (rand)
D:/arm-none-eabi-gcc/bin/../lib/gcc/arm-none-eabi/14.2.1/thumb/v7-m/nofp\libc_nano.a(libc_a-findfp.o)
                              D:/arm-none-eabi-gcc/bin/../lib/gcc/arm-none-eabi/14.2.1/thumb/v7-m/nofp\libc_nano.a(libc_a-exit.o) (__stdio_exit_handler)
D:/arm-none-eabi-gcc/bin/../lib/gcc/arm-none-eabi/14.2.1/thumb/v7-m/nofp\libc_nano.a(libc_a-fwalk.o)
                              D:/arm-none-eabi-gcc/bin/../lib/gcc/arm-none-eabi/14.2.1/thumb/v7-m/nofp\libc_nano.a(libc_a-findfp.o) (_fwalk_sglue)
D:/arm-none-eabi-gcc/bin/../lib/gcc/arm-none-eabi/14.2.1/thumb/v7-m/nofp\libc_nano.a(libc_a-stdio.o)
                              D:/arm-none-eabi-gcc/bin/../lib/gcc/arm-none-eabi/14.2.1/thumb/v7-m/nofp\libc_nano.a(libc_a-findfp.o) (__sread)
D:/arm-none-eabi-gcc/bin/../lib/gcc/arm-none-eabi/14.2.1/thumb/v7-m/nofp\libc_nano.a(libc_a-memset.o)
                              D:/arm-none-eabi-gcc/bin/../lib/gcc/arm-none-eabi/14.2.1/thumb/v7-m/nofp/crt0.o (memset)
D:/arm-none-eabi-gcc/bin/../lib/gcc/arm-none-eabi/14.2.1/thumb/v7-m/nofp\libc_nano.a(libc_a-closer.o)
                              D:/arm-none-eabi-gcc/bin/../lib/gcc/arm-none-eabi/14.2.1/thumb/v7-m/nofp\libc_nano.a(libc_a-stdio.o) (_close_r)
D:/arm-none-eabi-gcc/bin/../lib/gcc/arm-none-eabi/14.2.1/thumb/v7-m/nofp\libc_nano.a(libc_a-reent.o)
                              D:/arm-none-eabi-gcc/bin/../lib/gcc/arm-none-eabi/14.2.1/thumb/v7-m/nofp\libc_nano.a(libc_a-closer.o) (errno)
D:/arm-none-eabi-gcc/bin/../lib/gcc/arm-none-eabi/14.2.1/thumb/v7-m/nofp\libc_nano.a(libc_a-impure.o)
                              D:/arm-none-eabi-gcc/bin/../lib/gcc/arm-none-eabi/14.2.1/thumb/v7-m/nofp\libc_nano.a(libc_a-rand.o) (_impure_ptr)
D:/arm-none-eabi-gcc/bin/../lib/gcc/arm-none-eabi/14.2.1/thumb/v7-m/nofp\libc_nano.a(libc_a-lseekr.o)
                              D:/arm-none-eabi-gcc/bin/../lib/gcc/arm-none-eabi/14.2.1/thumb/v7-m/nofp\libc_nano.a(libc_a-stdio.o) (_lseek_r)
D:/arm-none-eabi-gcc/bin/../lib/gcc/arm-none-eabi/14.2.1/thumb/v7-m/nofp\libc_nano.a(libc_a-readr.o)
                              D:/arm-none-eabi-gcc/bin/../lib/gcc/arm-none-eabi/14.2.1/thumb/v7-m/nofp\libc_nano.a(libc_a-stdio.o) (_read_r)
D:/arm-none-eabi-gcc/bin/../lib/gcc/arm-none-eabi/14.2.1/thumb/v7-m/nofp\libc_nano.a(libc_a-writer.o)
                              D:/arm-none-eabi-gcc/bin/../lib/gcc/arm-none-eabi/14.2.1/thumb/v7-m/nofp\libc_nano.a(libc_a-stdio.o) (_write_r)
D:/arm-none-eabi-gcc/bin/../lib/gcc/arm-none-eabi/14.2.1/thumb/v7-m/nofp\libc_nano.a(libc_a-errno.o)
                              build/sysmem.o (__errno)
D:/arm-none-eabi-gcc/bin/../lib/gcc/arm-none-eabi/14.2.1/thumb/v7-m/nofp\libc_nano.a(libc_a-init.o)
                              D:/arm-none-eabi-gcc/bin/../lib/gcc/arm-none-eabi/14.2.1/thumb/v7-m/nofp/crt0.o (__libc_init_array)
D:/arm-none-eabi-gcc/bin/../lib/gcc/arm-none-eabi/14.2.1/thumb/v7-m/nofp\libc_nano.a(libc_a-lock.o)
                              D:/arm-none-eabi-gcc/bin/../lib/gcc/arm-none-eabi/14.2.1/thumb/v7-m/nofp\libc_nano.a(libc_a-findfp.o) (__retarget_lock_init_recursive)
D:/arm-none-eabi-gcc/bin/../lib/gcc/arm-none-eabi/14.2.1/thumb/v7-m/nofp\libc_nano.a(libc_a-assert.o)
                              D:/arm-none-eabi-gcc/bin/../lib/gcc/arm-none-eabi/14.2.1/thumb/v7-m/nofp\libc_nano.a(libc_a-rand.o) (__assert_func)
D:/arm-none-eabi-gcc/bin/../lib/gcc/arm-none-eabi/14.2.1/thumb/v7-m/nofp\libc_nano.a(libc_a-freer.o)
                              D:/arm-none-eabi-gcc/bin/../lib/gcc/arm-none-eabi/14.2.1/thumb/v7-m/nofp\libc_nano.a(libc_a-reent.o) (_free_r)
D:/arm-none-eabi-gcc/bin/../lib/gcc/arm-none-eabi/14.2.1/thumb/v7-m/nofp\libc_nano.a(libc_a-malloc.o)
                              D:/arm-none-eabi-gcc/bin/../lib/gcc/arm-none-eabi/14.2.1/thumb/v7-m/nofp\libc_nano.a(libc_a-rand.o) (malloc)
D:/arm-none-eabi-gcc/bin/../lib/gcc/arm-none-eabi/14.2.1/thumb/v7-m/nofp\libc_nano.a(libc_a-mallocr.o)
                              D:/arm-none-eabi-gcc/bin/../lib/gcc/arm-none-eabi/14.2.1/thumb/v7-m/nofp\libc_nano.a(libc_a-findfp.o) (_malloc_r)
D:/arm-none-eabi-gcc/bin/../lib/gcc/arm-none-eabi/14.2.1/thumb/v7-m/nofp\libc_nano.a(libc_a-mlock.o)
                              D:/arm-none-eabi-gcc/bin/../lib/gcc/arm-none-eabi/14.2.1/thumb/v7-m/nofp\libc_nano.a(libc_a-freer.o) (__malloc_lock)
D:/arm-none-eabi-gcc/bin/../lib/gcc/arm-none-eabi/14.2.1/thumb/v7-m/nofp\libc_nano.a(libc_a-fflush.o)
                              D:/arm-none-eabi-gcc/bin/../lib/gcc/arm-none-eabi/14.2.1/thumb/v7-m/nofp\libc_nano.a(libc_a-findfp.o) (_fflush_r)
[...]
Memory Configuration

Name             Origin             Length             Attributes
RAM              0x20000000         0x00005000         xrw
FLASH            0x08000000         0x00010000         xr
*default*        0x00000000         0xffffffff

Linker script and memory map

LOAD D:/arm-none-eabi-gcc/bin/../lib/gcc/arm-none-eabi/14.2.1/thumb/v7-m/nofp/crti.o
LOAD D:/arm-none-eabi-gcc/bin/../lib/gcc/arm-none-eabi/14.2.1/thumb/v7-m/nofp/crtbegin.o
LOAD D:/arm-none-eabi-gcc/bin/../lib/gcc/arm-none-eabi/14.2.1/thumb/v7-m/nofp/crt0.o
LOAD build/main.o
LOAD build/gpio.o
LOAD build/rtc.o
LOAD build/tim.o
LOAD build/stm32f1xx_it.o
LOAD build/stm32f1xx_hal_msp.o
LOAD build/stm32f1xx_hal_gpio_ex.o
LOAD build/stm32f1xx_hal_rtc.o
LOAD build/stm32f1xx_hal_rtc_ex.o
LOAD build/stm32f1xx_hal.o
LOAD build/stm32f1xx_hal_rcc.o
LOAD build/stm32f1xx_hal_rcc_ex.o
LOAD build/stm32f1xx_hal_gpio.o
LOAD build/stm32f1xx_hal_dma.o
LOAD build/stm32f1xx_hal_cortex.o
LOAD build/stm32f1xx_hal_pwr.o
LOAD build/stm32f1xx_hal_flash.o
LOAD build/stm32f1xx_hal_flash_ex.o
LOAD build/stm32f1xx_hal_exti.o
LOAD build/stm32f1xx_hal_tim.o
LOAD build/stm32f1xx_hal_tim_ex.o
LOAD build/system_stm32f1xx.o
LOAD build/sysmem.o
LOAD build/syscalls.o
LOAD build/revolve.o
LOAD build/time_keep.o
LOAD build/clock_keep.o
LOAD build/countdown.o
LOAD build/dice.o
LOAD build/mode_select.o
LOAD build/startup_stm32f103xb.o
LOAD D:/arm-none-eabi-gcc/bin/../lib/gcc/arm-none-eabi/14.2.1/thumb/v7-m/nofp\libc_nano.a
LOAD D:/arm-none-eabi-gcc/bin/../lib/gcc/arm-none-eabi/14.2.1/thumb/v7-m/nofp\libm.a
LOAD D:/arm-none-eabi-gcc/bin/../lib/gcc/arm-none-eabi/14.2.1/thumb/v7-m/nofp\libnosys.a
START GROUP
LOAD D:/arm-none-eabi-gcc/bin/../lib/gcc/arm-none-eabi/14.2.1/thumb/v7-m/nofp\libgcc.a
LOAD D:/arm-none-eabi-gcc/bin/../lib/gcc/arm-none-eabi/14.2.1/thumb/v7-m/nofp\libc_nano.a
END GROUP
START GROUP
LOAD D:/arm-none-eabi-gcc/bin/../lib/gcc/arm-none-eabi/14.2.1/thumb/v7-m/nofp\libgcc.a
LOAD D:/arm-none-eabi-gcc/bin/../lib/gcc/arm-none-eabi/14.2.1/thumb/v7-m/nofp\libc_nano.a
END GROUP
LOAD D:/arm-none-eabi-gcc/bin/../lib/gcc/arm-none-eabi/14.2.1/thumb/v7-m/nofp/crtend.o
LOAD D:/arm-none-eabi-gcc/bin/../lib/gcc/arm-none-eabi/14.2.1/thumb/v7-m/nofp/crtn.o
                0x20005000                        _estack = (ORIGIN (RAM) + LENGTH (RAM))
                0x00000200                        _Min_Heap_Size = 0x200
                0x00000400                        _Min_Stack_Size = 0x400

.isr_vector     0x08000000      0x10c
                0x08000000                        . = ALIGN (0x4)
 *(.isr_vector)
 .isr_vector    0x08000000      0x10c build/startup_stm32f103xb.o
                0x08000000                g_pfnVectors
                0x0800010c                        . = ALIGN (0x4)

.text           0x08000110     0x4f5c
                0x08000110                        . = ALIGN (0x4)
 *(.text)
 .text          0x08000110      0x168 D:/arm-none-eabi-gcc/bin/../lib/gcc/arm-none-eabi/14.2.1/thumb/v7-m/nofp\libgcc.a(_arm_mulsf3.o)
                0x08000110                __aeabi_fmul
                0x08000110                __mulsf3
 .text          0x08000278      0x378 D:/arm-none-eabi-gcc/bin/../lib/gcc/arm-none-eabi/14.2.1/thumb/v7-m/nofp\libgcc.a(_arm_addsubdf3.o)
                0x08000278                __aeabi_drsub
                0x08000280                __aeabi_dsub
                0x08000280                __subdf3
                0x08000284                __aeabi_dadd
                0x08000284                __adddf3
                0x080004fc                __floatunsidf
                0x080004fc                __aeabi_ui2d
                0x0800051c                __floatsidf
                0x0800051c                __aeabi_i2d
                0x08000540                __aeabi_f2d
                0x08000540                __extendsfdf2
                0x08000584                __floatundidf
                0x08000584                __aeabi_ul2d
                0x08000594                __floatdidf
                0x08000594                __aeabi_l2d
 .text          0x080005f0      0x424 D:/arm-none-eabi-gcc/bin/../lib/gcc/arm-none-eabi/14.2.1/thumb/v7-m/nofp\libgcc.a(_arm_muldivdf3.o)
                0x080005f0                __aeabi_dmul
                0x080005f0                __muldf3
                0x08000844                __divdf3
                0x08000844                __aeabi_ddiv
 .text          0x08000a14      0x110 D:/arm-none-eabi-gcc/bin/../lib/gcc/arm-none-eabi/14.2.1/thumb/v7-m/nofp\libgcc.a(_arm_cmpdf2.o)
                0x08000a14                __gtdf2
                0x08000a14                __gedf2
                0x08000a1c                __ltdf2
                0x08000a1c                __ledf2
                0x08000a24                __nedf2
                0x08000a24                __eqdf2
                0x08000a24                __cmpdf2
                0x08000aa0                __aeabi_cdrcmple
                0x08000ab0                __aeabi_cdcmpeq
                0x08000ab0                __aeabi_cdcmple
                0x08000ac0                __aeabi_dcmpeq
                0x08000ad4                __aeabi_dcmplt
                0x08000ae8                __aeabi_dcmple
                0x08000afc                __aeabi_dcmpge
                0x08000b10                __aeabi_dcmpgt
 .text          0x08000b24       0x50 D:/arm-none-eabi-gcc/bin/../lib/gcc/arm-none-eabi/14.2.1/thumb/v7-m/nofp\libgcc.a(_arm_fixdfsi.o)
                0x08000b24                __aeabi_d2iz
                0x08000b24                __fixdfsi
 .text          0x08000b74       0x40 D:/arm-none-eabi-gcc/bin/../lib/gcc/arm-none-eabi/14.2.1/thumb/v7-m/nofp\libgcc.a(_arm_fixunsdfsi.o)
                0x08000b74                __aeabi_d2uiz
                0x08000b74                __fixunsdfsi
 .text          0x08000bb4      0x21c D:/arm-none-eabi-gcc/bin/../lib/gcc/arm-none-eabi/14.2.1/thumb/v7-m/nofp\libgcc.a(_arm_addsubsf3.o)
                0x08000bb4                __aeabi_frsub
                0x08000bbc                __subsf3
                0x08000bbc                __aeabi_fsub
                0x08000bc0                __aeabi_fadd
                0x08000bc0                __addsf3
                0x08000d20                __aeabi_ui2f
                0x08000d20                __floatunsisf
                0x08000d28                __aeabi_i2f
                0x08000d28                __floatsisf
                0x08000d44                __aeabi_ul2f
                0x08000d44                __floatundisf
                0x08000d54                __aeabi_l2f
                0x08000d54                __floatdisf
 .text          0x08000dd0       0xec D:/arm-none-eabi-gcc/bin/../lib/gcc/arm-none-eabi/14.2.1/thumb/v7-m/nofp\libgcc.a(_arm_cmpsf2.o)
                0x08000dd0                __gesf2
                0x08000dd0                __gtsf2
                0x08000dd8                __lesf2
                0x08000dd8                __ltsf2
                0x08000de0                __nesf2
                0x08000de0                __eqsf2
                0x08000de0                __cmpsf2
                0x08000e40                __aeabi_cfrcmple
                0x08000e48                __aeabi_cfcmpeq
                0x08000e48                __aeabi_cfcmple
                0x08000e58                __aeabi_fcmpeq
                0x08000e6c                __aeabi_fcmplt
                0x08000e80                __aeabi_fcmple
                0x08000e94                __aeabi_fcmpge
                0x08000ea8                __aeabi_fcmpgt
 *(.text*)
 .text.deregister_tm_clones
                0x08000ebc       0x1c D:/arm-none-eabi-gcc/bin/../lib/gcc/arm-none-eabi/14.2.1/thumb/v7-m/nofp/crtbegin.o
 .text.register_tm_clones
                0x08000ed8       0x24 D:/arm-none-eabi-gcc/bin/../lib/gcc/arm-none-eabi/14.2.1/thumb/v7-m/nofp/crtbegin.o
 .text.__do_global_dtors_aux
                0x08000efc       0x28 D:/arm-none-eabi-gcc/bin/../lib/gcc/arm-none-eabi/14.2.1/thumb/v7-m/nofp/crtbegin.o
 .text.frame_dummy
                0x08000f24       0x24 D:/arm-none-eabi-gcc/bin/../lib/gcc/arm-none-eabi/14.2.1/thumb/v7-m/nofp/crtbegin.o
 .text.process_short_press
                0x08000f48       0x54 build/main.o
                0x08000f48                process_short_press
 .text.setting_others
                0x08000f9c       0x64 build/main.o
                0x08000f9c                setting_others
 .text.HAL_GPIO_EXTI_Callback
                0x08001000       0x40 build/main.o
                0x08001000                HAL_GPIO_EXTI_Callback
 .text.HAL_TIM_PeriodElapsedCallback
                0x08001040       0x70 build/main.o
                0x08001040                HAL_TIM_PeriodElapsedCallback
 .text.Error_Handler
                0x080010b0        0x4 build/main.o
                0x080010b0                Error_Handler
 .text.SystemClock_Config
                0x080010b4       0x86 build/main.o
                0x080010b4                SystemClock_Config
 *fill*         0x0800113a        0x2 
 .text.main     0x0800113c       0x68 build/main.o
                0x0800113c                main
 .text.MX_GPIO_Init
                0x080011a4       0xf0 build/gpio.o
                0x080011a4                MX_GPIO_Init
 .text.MX_RTC_Init
                0x08001294       0x80 build/rtc.o
                0x08001294                MX_RTC_Init
 .text.HAL_RTC_MspInit
                0x08001314       0x40 build/rtc.o
                0x08001314                HAL_RTC_MspInit
 .text.MX_TIM4_Init
                0x08001354       0x88 build/tim.o
                0x08001354                MX_TIM4_Init
 .text.HAL_TIM_Base_MspInit
                0x080013dc       0x40 build/tim.o
                0x080013dc                HAL_TIM_Base_MspInit
 .text.NMI_Handler
                0x0800141c        0x2 build/stm32f1xx_it.o
                0x0800141c                NMI_Handler
 .text.HardFault_Handler
                0x0800141e        0x2 build/stm32f1xx_it.o
                0x0800141e                HardFault_Handler
 .text.MemManage_Handler
                0x08001420        0x2 build/stm32f1xx_it.o
                0x08001420                MemManage_Handler
 .text.BusFault_Handler
                0x08001422        0x2 build/stm32f1xx_it.o
                0x08001422                BusFault_Handler
 .text.UsageFault_Handler
                0x08001424        0x2 build/stm32f1xx_it.o
                0x08001424                UsageFault_Handler
 .text.SVC_Handler
                0x08001426        0x2 build/stm32f1xx_it.o
                0x08001426                SVC_Handler
 .text.DebugMon_Handler
                0x08001428        0x2 build/stm32f1xx_it.o
                0x08001428                DebugMon_Handler
 .text.PendSV_Handler
                0x0800142a        0x2 build/stm32f1xx_it.o
                0x0800142a                PendSV_Handler
 .text.SysTick_Handler
                0x0800142c       0x70 build/stm32f1xx_it.o
                0x0800142c                SysTick_Handler
 .text.EXTI0_IRQHandler
                0x0800149c        0xa build/stm32f1xx_it.o
                0x0800149c                EXTI0_IRQHandler
 .text.EXTI9_5_IRQHandler
                0x080014a6        0xa build/stm32f1xx_it.o
                0x080014a6                EXTI9_5_IRQHandler
 .text.TIM4_IRQHandler
                0x080014b0       0x10 build/stm32f1xx_it.o
                0x080014b0                TIM4_IRQHandler
 .text.HAL_MspInit
                0x080014c0       0x44 build/stm32f1xx_hal_msp.o
                0x080014c0                HAL_MspInit
 .text.RTC_ReadTimeCounter
                0x08001504       0x2a build/stm32f1xx_hal_rtc.o
 .text.RTC_ReadAlarmCounter
                0x0800152e        0xe build/stm32f1xx_hal_rtc.o
 .text.RTC_ByteToBcd2
                0x0800153c       0x16 build/stm32f1xx_hal_rtc.o
 .text.RTC_Bcd2ToByte
                0x08001552       0x12 build/stm32f1xx_hal_rtc.o
 .text.RTC_IsLeapYear
                0x08001564       0x40 build/stm32f1xx_hal_rtc.o
 .text.RTC_WeekDayNum
                0x080015a4       0x98 build/stm32f1xx_hal_rtc.o
 .text.RTC_DateUpdate
                0x0800163c       0xa0 build/stm32f1xx_hal_rtc.o
 .text.RTC_EnterInitMode
                0x080016dc       0x30 build/stm32f1xx_hal_rtc.o
 .text.RTC_ExitInitMode
                0x0800170c       0x32 build/stm32f1xx_hal_rtc.o
 .text.RTC_WriteTimeCounter
                0x0800173e       0x2a build/stm32f1xx_hal_rtc.o
 .text.RTC_WriteAlarmCounter
                0x08001768       0x2a build/stm32f1xx_hal_rtc.o
 .text.HAL_RTC_SetTime
                0x08001792       0xc2 build/stm32f1xx_hal_rtc.o
                0x08001792                HAL_RTC_SetTime
 .text.HAL_RTC_GetTime
                0x08001854      0x10c build/stm32f1xx_hal_rtc.o
                0x08001854                HAL_RTC_GetTime
 .text.HAL_RTC_SetDate
                0x08001960       0xd4 build/stm32f1xx_hal_rtc.o
                0x08001960                HAL_RTC_SetDate
 .text.HAL_RTC_WaitForSynchro
                0x08001a34       0x38 build/stm32f1xx_hal_rtc.o
                0x08001a34                HAL_RTC_WaitForSynchro
 .text.HAL_RTC_Init
                0x08001a6c       0xb0 build/stm32f1xx_hal_rtc.o
                0x08001a6c                HAL_RTC_Init
 .text.HAL_InitTick
                0x08001b1c       0x4c build/stm32f1xx_hal.o
                0x08001b1c                HAL_InitTick
 .text.HAL_Init
                0x08001b68       0x24 build/stm32f1xx_hal.o
                0x08001b68                HAL_Init
 .text.HAL_IncTick
                0x08001b8c       0x18 build/stm32f1xx_hal.o
                0x08001b8c                HAL_IncTick
 .text.HAL_GetTick
                0x08001ba4        0xc build/stm32f1xx_hal.o
                0x08001ba4                HAL_GetTick
 .text.HAL_Delay
                0x08001bb0       0x28 build/stm32f1xx_hal.o
                0x08001bb0                HAL_Delay
 .text.RCC_Delay
                0x08001bd8       0x2c build/stm32f1xx_hal_rcc.o
 .text.HAL_RCC_OscConfig
                0x08001c04      0x410 build/stm32f1xx_hal_rcc.o
                0x08001c04                HAL_RCC_OscConfig
 .text.HAL_RCC_GetSysClockFreq
                0x08002014       0x54 build/stm32f1xx_hal_rcc.o
                0x08002014                HAL_RCC_GetSysClockFreq
 .text.HAL_RCC_ClockConfig
                0x08002068      0x16c build/stm32f1xx_hal_rcc.o
                0x08002068                HAL_RCC_ClockConfig
 .text.HAL_RCC_GetHCLKFreq
                0x080021d4        0xc build/stm32f1xx_hal_rcc.o
                0x080021d4                HAL_RCC_GetHCLKFreq
 .text.HAL_RCC_GetPCLK2Freq
                0x080021e0       0x20 build/stm32f1xx_hal_rcc.o
                0x080021e0                HAL_RCC_GetPCLK2Freq
 .text.HAL_RCCEx_PeriphCLKConfig
                0x08002200      0x118 build/stm32f1xx_hal_rcc_ex.o
                0x08002200                HAL_RCCEx_PeriphCLKConfig
 .text.HAL_RCCEx_GetPeriphCLKFreq
                0x08002318       0xd8 build/stm32f1xx_hal_rcc_ex.o
                0x08002318                HAL_RCCEx_GetPeriphCLKFreq
 .text.HAL_GPIO_Init
                0x080023f0      0x214 build/stm32f1xx_hal_gpio.o
                0x080023f0                HAL_GPIO_Init
 .text.HAL_GPIO_ReadPin
                0x08002604        0xe build/stm32f1xx_hal_gpio.o
                0x08002604                HAL_GPIO_ReadPin
 .text.HAL_GPIO_WritePin
                0x08002612        0xc build/stm32f1xx_hal_gpio.o
                0x08002612                HAL_GPIO_WritePin
 *fill*         0x0800261e        0x2 
 .text.HAL_GPIO_EXTI_IRQHandler
                0x08002620       0x1c build/stm32f1xx_hal_gpio.o
                0x08002620                HAL_GPIO_EXTI_IRQHandler
 .text.__NVIC_SetPriority
                0x0800263c       0x28 build/stm32f1xx_hal_cortex.o
 .text.NVIC_EncodePriority
                0x08002664       0x3e build/stm32f1xx_hal_cortex.o
 *fill*         0x080026a2        0x2 
 .text.HAL_NVIC_SetPriorityGrouping
                0x080026a4       0x24 build/stm32f1xx_hal_cortex.o
                0x080026a4                HAL_NVIC_SetPriorityGrouping
 .text.HAL_NVIC_SetPriority
                0x080026c8       0x20 build/stm32f1xx_hal_cortex.o
                0x080026c8                HAL_NVIC_SetPriority
 .text.HAL_NVIC_EnableIRQ
                0x080026e8       0x1c build/stm32f1xx_hal_cortex.o
                0x080026e8                HAL_NVIC_EnableIRQ
 .text.HAL_SYSTICK_Config
                0x08002704       0x28 build/stm32f1xx_hal_cortex.o
                0x08002704                HAL_SYSTICK_Config
 .text.HAL_PWR_EnableBkUpAccess
                0x0800272c        0xc build/stm32f1xx_hal_pwr.o
                0x0800272c                HAL_PWR_EnableBkUpAccess
 .text.TIM_TI1_ConfigInputStage
                0x08002738       0x24 build/stm32f1xx_hal_tim.o
 .text.TIM_TI2_ConfigInputStage
                0x0800275c       0x26 build/stm32f1xx_hal_tim.o
 .text.TIM_ITRx_SetConfig
                0x08002782       0x10 build/stm32f1xx_hal_tim.o
 *fill*         0x08002792        0x2 
 .text.HAL_TIM_Base_Start_IT
                0x08002794       0x64 build/stm32f1xx_hal_tim.o
                0x08002794                HAL_TIM_Base_Start_IT
 .text.HAL_TIM_OC_DelayElapsedCallback
                0x080027f8        0x2 build/stm32f1xx_hal_tim.o
                0x080027f8                HAL_TIM_OC_DelayElapsedCallback
 .text.HAL_TIM_IC_CaptureCallback
                0x080027fa        0x2 build/stm32f1xx_hal_tim.o
                0x080027fa                HAL_TIM_IC_CaptureCallback
 .text.HAL_TIM_PWM_PulseFinishedCallback
                0x080027fc        0x2 build/stm32f1xx_hal_tim.o
                0x080027fc                HAL_TIM_PWM_PulseFinishedCallback
 .text.HAL_TIM_TriggerCallback
                0x080027fe        0x2 build/stm32f1xx_hal_tim.o
                0x080027fe                HAL_TIM_TriggerCallback
 .text.HAL_TIM_IRQHandler
                0x08002800      0x15e build/stm32f1xx_hal_tim.o
                0x08002800                HAL_TIM_IRQHandler
 *fill*         0x0800295e        0x2 
 .text.TIM_Base_SetConfig
                0x08002960       0x84 build/stm32f1xx_hal_tim.o
                0x08002960                TIM_Base_SetConfig
 .text.HAL_TIM_Base_Init
                0x080029e4       0x58 build/stm32f1xx_hal_tim.o
                0x080029e4                HAL_TIM_Base_Init
 .text.TIM_ETR_SetConfig
                0x08002a3c       0x18 build/stm32f1xx_hal_tim.o
                0x08002a3c                TIM_ETR_SetConfig
 .text.HAL_TIM_ConfigClockSource
                0x08002a54       0xfe build/stm32f1xx_hal_tim.o
                0x08002a54                HAL_TIM_ConfigClockSource
 *fill*         0x08002b52        0x2 
 .text.HAL_TIMEx_MasterConfigSynchronization
                0x08002b54       0x6c build/stm32f1xx_hal_tim_ex.o
                0x08002b54                HAL_TIMEx_MasterConfigSynchronization
 .text.HAL_TIMEx_CommutCallback
                0x08002bc0        0x2 build/stm32f1xx_hal_tim_ex.o
                0x08002bc0                HAL_TIMEx_CommutCallback
 .text.HAL_TIMEx_BreakCallback
                0x08002bc2        0x2 build/stm32f1xx_hal_tim_ex.o
                0x08002bc2                HAL_TIMEx_BreakCallback
 .text.SystemInit
                0x08002bc4        0x2 build/system_stm32f1xx.o
                0x08002bc4                SystemInit
 *fill*         0x08002bc6        0x2 
 .text._sbrk    0x08002bc8       0x48 build/sysmem.o
                0x08002bc8                _sbrk
 .text._getpid  0x08002c10        0x4 build/syscalls.o
                0x08002c10                _getpid
 .text._kill    0x08002c14       0x10 build/syscalls.o
                0x08002c14                _kill
 .text._exit    0x08002c24        0xc build/syscalls.o
                0x08002c24                _exit
 .text._read    0x08002c30       0x20 build/syscalls.o
                0x08002c30                _read
 .text._write   0x08002c50       0x1c build/syscalls.o
                0x08002c50                _write
 .text._close   0x08002c6c        0x6 build/syscalls.o
                0x08002c6c                _close
 .text._fstat   0x08002c72        0xa build/syscalls.o
                0x08002c72                _fstat
 .text._isatty  0x08002c7c        0x4 build/syscalls.o
                0x08002c7c                _isatty
 .text._lseek   0x08002c80        0x4 build/syscalls.o
                0x08002c80                _lseek
 .text.display_revolve
                0x08002c84       0x74 build/revolve.o
                0x08002c84                display_revolve
 .text.run_revolve
                0x08002cf8       0x94 build/revolve.o
                0x08002cf8                run_revolve
 .text.addElapsedTime
                0x08002d8c       0x10 build/time_keep.o
                0x08002d8c                addElapsedTime
 .text.display_time_keep
                0x08002d9c       0xa0 build/time_keep.o
                0x08002d9c                display_time_keep
 .text.run_time_keep
                0x08002e3c      0x154 build/time_keep.o
                0x08002e3c                run_time_keep
 .text.setting_time_keep
                0x08002f90       0x2c build/time_keep.o
                0x08002f90                setting_time_keep
 .text.display_clock
                0x08002fbc       0x84 build/clock_keep.o
                0x08002fbc                display_clock
 .text.Blink_Control
                0x08003040       0x34 build/clock_keep.o
                0x08003040                Blink_Control
 .text.run_clock_keep
                0x08003074      0x148 build/clock_keep.o
                0x08003074                run_clock_keep
 .text.Local_SetTime
                0x080031bc       0x30 build/clock_keep.o
                0x080031bc                Local_SetTime
 .text.RTC_SetTime
                0x080031ec       0x2c build/clock_keep.o
                0x080031ec                RTC_SetTime
 .text.setting_clock_keep
                0x08003218       0x94 build/clock_keep.o
                0x08003218                setting_clock_keep
 .text.display_countdown
                0x080032ac       0xc8 build/countdown.o
                0x080032ac                display_countdown
 .text.blink_control_countdown
                0x08003374       0x34 build/countdown.o
                0x08003374                blink_control_countdown
 .text.run_countdown
                0x080033a8      0x268 build/countdown.o
                0x080033a8                run_countdown
 .text.redCountdownTime
                0x08003610       0x3c build/countdown.o
                0x08003610                redCountdownTime
 .text.setting_countdown
                0x0800364c      0x114 build/countdown.o
                0x0800364c                setting_countdown
 .text.display_dice
                0x08003760       0x74 build/dice.o
                0x08003760                display_dice
 .text.blink_control_dice
                0x080037d4       0x34 build/dice.o
                0x080037d4                blink_control_dice
 .text.setting_dice
                0x08003808       0xdc build/dice.o
                0x08003808                setting_dice
 .text.process_rolling
                0x080038e4       0x94 build/dice.o
                0x080038e4                process_rolling
 .text.run_dice
                0x08003978      0x134 build/dice.o
                0x08003978                run_dice
 .text.display_mode_select
                0x08003aac       0x74 build/mode_select.o
                0x08003aac                display_mode_select
 .text.setting_mode_select
                0x08003b20       0x84 build/mode_select.o
                0x08003b20                setting_mode_select
 .text.run_mode_select
                0x08003ba4       0x4c build/mode_select.o
                0x08003ba4                run_mode_select
 .text.Reset_Handler
                0x08003bf0       0x48 build/startup_stm32f103xb.o
                0x08003bf0                Reset_Handler
 .text.Default_Handler
                0x08003c38        0x2 build/startup_stm32f103xb.o
                0x08003c38                RTC_Alarm_IRQHandler
                0x08003c38                EXTI2_IRQHandler
                0x08003c38                TIM1_CC_IRQHandler
                0x08003c38                PVD_IRQHandler
                0x08003c38                EXTI3_IRQHandler
                0x08003c38                I2C2_EV_IRQHandler
                0x08003c38                ADC1_2_IRQHandler
                0x08003c38                SPI1_IRQHandler
                0x08003c38                TAMPER_IRQHandler
                0x08003c38                DMA1_Channel4_IRQHandler
                0x08003c38                USART3_IRQHandler
                0x08003c38                RTC_IRQHandler
                0x08003c38                DMA1_Channel7_IRQHandler
                0x08003c38                CAN1_RX1_IRQHandler
                0x08003c38                I2C1_EV_IRQHandler
                0x08003c38                DMA1_Channel6_IRQHandler
                0x08003c38                TIM3_IRQHandler
                0x08003c38                RCC_IRQHandler
                0x08003c38                TIM1_TRG_COM_IRQHandler
                0x08003c38                DMA1_Channel1_IRQHandler
                0x08003c38                Default_Handler
                0x08003c38                EXTI15_10_IRQHandler
                0x08003c38                SPI2_IRQHandler
                0x08003c38                DMA1_Channel5_IRQHandler
                0x08003c38                EXTI4_IRQHandler
                0x08003c38                USB_LP_CAN1_RX0_IRQHandler
                0x08003c38                USB_HP_CAN1_TX_IRQHandler
                0x08003c38                DMA1_Channel3_IRQHandler
                0x08003c38                TIM1_UP_IRQHandler
                0x08003c38                WWDG_IRQHandler
                0x08003c38                TIM2_IRQHandler
                0x08003c38                TIM1_BRK_IRQHandler
                0x08003c38                EXTI1_IRQHandler
                0x08003c38                USART2_IRQHandler
                0x08003c38                I2C2_ER_IRQHandler
                0x08003c38                DMA1_Channel2_IRQHandler
                0x08003c38                CAN1_SCE_IRQHandler
                0x08003c38                FLASH_IRQHandler
                0x08003c38                USART1_IRQHandler
                0x08003c38                I2C1_ER_IRQHandler
                0x08003c38                USBWakeUp_IRQHandler
 *fill*         0x08003c3a        0x2 
 .text.rand     0x08003c3c       0x7c D:/arm-none-eabi-gcc/bin/../lib/gcc/arm-none-eabi/14.2.1/thumb/v7-m/nofp\libc_nano.a(libc_a-rand.o)
                0x08003c3c                rand
 .text.std      0x08003cb8       0x6c D:/arm-none-eabi-gcc/bin/../lib/gcc/arm-none-eabi/14.2.1/thumb/v7-m/nofp\libc_nano.a(libc_a-findfp.o)
 .text.stdio_exit_handler
                0x08003d24       0x18 D:/arm-none-eabi-gcc/bin/../lib/gcc/arm-none-eabi/14.2.1/thumb/v7-m/nofp\libc_nano.a(libc_a-findfp.o)
 .text.cleanup_stdio
                0x08003d3c       0x40 D:/arm-none-eabi-gcc/bin/../lib/gcc/arm-none-eabi/14.2.1/thumb/v7-m/nofp\libc_nano.a(libc_a-findfp.o)
 .text.global_stdio_init.part.0
                0x08003d7c       0x40 D:/arm-none-eabi-gcc/bin/../lib/gcc/arm-none-eabi/14.2.1/thumb/v7-m/nofp\libc_nano.a(libc_a-findfp.o)
 .text.__sfp_lock_acquire
                0x08003dbc        0xc D:/arm-none-eabi-gcc/bin/../lib/gcc/arm-none-eabi/14.2.1/thumb/v7-m/nofp\libc_nano.a(libc_a-findfp.o)
                0x08003dbc                __sfp_lock_acquire
 .text.__sfp_lock_release
                0x08003dc8        0xc D:/arm-none-eabi-gcc/bin/../lib/gcc/arm-none-eabi/14.2.1/thumb/v7-m/nofp\libc_nano.a(libc_a-findfp.o)
                0x08003dc8                __sfp_lock_release
 .text.__sinit  0x08003dd4       0x30 D:/arm-none-eabi-gcc/bin/../lib/gcc/arm-none-eabi/14.2.1/thumb/v7-m/nofp\libc_nano.a(libc_a-findfp.o)
                0x08003dd4                __sinit
 .text._fwalk_sglue
                0x08003e04       0x3c D:/arm-none-eabi-gcc/bin/../lib/gcc/arm-none-eabi/14.2.1/thumb/v7-m/nofp\libc_nano.a(libc_a-fwalk.o)
                0x08003e04                _fwalk_sglue
 .text.__sread  0x08003e40       0x22 D:/arm-none-eabi-gcc/bin/../lib/gcc/arm-none-eabi/14.2.1/thumb/v7-m/nofp\libc_nano.a(libc_a-stdio.o)
                0x08003e40                __sread
 .text.__swrite
                0x08003e62       0x38 D:/arm-none-eabi-gcc/bin/../lib/gcc/arm-none-eabi/14.2.1/thumb/v7-m/nofp\libc_nano.a(libc_a-stdio.o)
                0x08003e62                __swrite
 .text.__sseek  0x08003e9a       0x26 D:/arm-none-eabi-gcc/bin/../lib/gcc/arm-none-eabi/14.2.1/thumb/v7-m/nofp\libc_nano.a(libc_a-stdio.o)
                0x08003e9a                __sseek
 .text.__sclose
                0x08003ec0        0x8 D:/arm-none-eabi-gcc/bin/../lib/gcc/arm-none-eabi/14.2.1/thumb/v7-m/nofp\libc_nano.a(libc_a-stdio.o)
                0x08003ec0                __sclose
 .text.memset   0x08003ec8       0x10 D:/arm-none-eabi-gcc/bin/../lib/gcc/arm-none-eabi/14.2.1/thumb/v7-m/nofp\libc_nano.a(libc_a-memset.o)
                0x08003ec8                memset
 .text._close_r
                0x08003ed8       0x20 D:/arm-none-eabi-gcc/bin/../lib/gcc/arm-none-eabi/14.2.1/thumb/v7-m/nofp\libc_nano.a(libc_a-closer.o)
                0x08003ed8                _close_r
 .text._lseek_r
                0x08003ef8       0x24 D:/arm-none-eabi-gcc/bin/../lib/gcc/arm-none-eabi/14.2.1/thumb/v7-m/nofp\libc_nano.a(libc_a-lseekr.o)
                0x08003ef8                _lseek_r
 .text._read_r  0x08003f1c       0x24 D:/arm-none-eabi-gcc/bin/../lib/gcc/arm-none-eabi/14.2.1/thumb/v7-m/nofp\libc_nano.a(libc_a-readr.o)
                0x08003f1c                _read_r
 .text._write_r
                0x08003f40       0x24 D:/arm-none-eabi-gcc/bin/../lib/gcc/arm-none-eabi/14.2.1/thumb/v7-m/nofp\libc_nano.a(libc_a-writer.o)
                0x08003f40                _write_r
 .text.__errno  0x08003f64        0xc D:/arm-none-eabi-gcc/bin/../lib/gcc/arm-none-eabi/14.2.1/thumb/v7-m/nofp\libc_nano.a(libc_a-errno.o)
                0x08003f64                __errno
 .text.__libc_init_array
                0x08003f70       0x48 D:/arm-none-eabi-gcc/bin/../lib/gcc/arm-none-eabi/14.2.1/thumb/v7-m/nofp\libc_nano.a(libc_a-init.o)
                0x08003f70                __libc_init_array
 .text.__retarget_lock_init_recursive
                0x08003fb8        0x2 D:/arm-none-eabi-gcc/bin/../lib/gcc/arm-none-eabi/14.2.1/thumb/v7-m/nofp\libc_nano.a(libc_a-lock.o)
                0x08003fb8                __retarget_lock_init_recursive
 .text.__retarget_lock_acquire_recursive
                0x08003fba        0x2 D:/arm-none-eabi-gcc/bin/../lib/gcc/arm-none-eabi/14.2.1/thumb/v7-m/nofp\libc_nano.a(libc_a-lock.o)
                0x08003fba                __retarget_lock_acquire_recursive
 .text.__retarget_lock_release_recursive
                0x08003fbc        0x2 D:/arm-none-eabi-gcc/bin/../lib/gcc/arm-none-eabi/14.2.1/thumb/v7-m/nofp\libc_nano.a(libc_a-lock.o)
                0x08003fbc                __retarget_lock_release_recursive
 *fill*         0x08003fbe        0x2 
 .text.__assert_func
                0x08003fc0       0x3c D:/arm-none-eabi-gcc/bin/../lib/gcc/arm-none-eabi/14.2.1/thumb/v7-m/nofp\libc_nano.a(libc_a-assert.o)
                0x08003fc0                __assert_func
 .text._free_r  0x08003ffc       0x90 D:/arm-none-eabi-gcc/bin/../lib/gcc/arm-none-eabi/14.2.1/thumb/v7-m/nofp\libc_nano.a(libc_a-freer.o)
                0x08003ffc                _free_r
 .text.malloc   0x0800408c       0x10 D:/arm-none-eabi-gcc/bin/../lib/gcc/arm-none-eabi/14.2.1/thumb/v7-m/nofp\libc_nano.a(libc_a-malloc.o)
                0x0800408c                malloc
 .text.sbrk_aligned
                0x0800409c       0x44 D:/arm-none-eabi-gcc/bin/../lib/gcc/arm-none-eabi/14.2.1/thumb/v7-m/nofp\libc_nano.a(libc_a-mallocr.o)
 .text._malloc_r
                0x080040e0      0x100 D:/arm-none-eabi-gcc/bin/../lib/gcc/arm-none-eabi/14.2.1/thumb/v7-m/nofp\libc_nano.a(libc_a-mallocr.o)
                0x080040e0                _malloc_r
 .text.__malloc_lock
                0x080041e0        0xc D:/arm-none-eabi-gcc/bin/../lib/gcc/arm-none-eabi/14.2.1/thumb/v7-m/nofp\libc_nano.a(libc_a-mlock.o)
                0x080041e0                __malloc_lock
 .text.__malloc_unlock
                0x080041ec        0xc D:/arm-none-eabi-gcc/bin/../lib/gcc/arm-none-eabi/14.2.1/thumb/v7-m/nofp\libc_nano.a(libc_a-mlock.o)
                0x080041ec                __malloc_unlock
 .text.__sflush_r
                0x080041f8       0xfc D:/arm-none-eabi-gcc/bin/../lib/gcc/arm-none-eabi/14.2.1/thumb/v7-m/nofp\libc_nano.a(libc_a-fflush.o)
                0x080041f8                __sflush_r
 .text._fflush_r
                0x080042f4       0x50 D:/arm-none-eabi-gcc/bin/../lib/gcc/arm-none-eabi/14.2.1/thumb/v7-m/nofp\libc_nano.a(libc_a-fflush.o)
                0x080042f4                _fflush_r
 .text.fprintf  0x08004344       0x24 D:/arm-none-eabi-gcc/bin/../lib/gcc/arm-none-eabi/14.2.1/thumb/v7-m/nofp\libc_nano.a(libc_a-fprintf.o)
                0x08004344                fiprintf
                0x08004344                fprintf
 .text._sbrk_r  0x08004368       0x20 D:/arm-none-eabi-gcc/bin/../lib/gcc/arm-none-eabi/14.2.1/thumb/v7-m/nofp\libc_nano.a(libc_a-sbrkr.o)
                0x08004368                _sbrk_r
 .text.abort    0x08004388        0xe D:/arm-none-eabi-gcc/bin/../lib/gcc/arm-none-eabi/14.2.1/thumb/v7-m/nofp\libc_nano.a(libc_a-abort.o)
                0x08004388                abort
 .text.__sfputc_r
                0x08004396       0x2a D:/arm-none-eabi-gcc/bin/../lib/gcc/arm-none-eabi/14.2.1/thumb/v7-m/nofp\libc_nano.a(libc_a-nano-vfprintf.o)
 .text.__sfputs_r
                0x080043c0       0x24 D:/arm-none-eabi-gcc/bin/../lib/gcc/arm-none-eabi/14.2.1/thumb/v7-m/nofp\libc_nano.a(libc_a-nano-vfprintf.o)
                0x080043c0                __sfputs_r
 .text._vfprintf_r
                0x080043e4      0x230 D:/arm-none-eabi-gcc/bin/../lib/gcc/arm-none-eabi/14.2.1/thumb/v7-m/nofp\libc_nano.a(libc_a-nano-vfprintf.o)
                0x080043e4                _vfprintf_r
                0x080043e4                _vfiprintf_r
 .text._printf_common
                0x08004614       0xe4 D:/arm-none-eabi-gcc/bin/../lib/gcc/arm-none-eabi/14.2.1/thumb/v7-m/nofp\libc_nano.a(libc_a-nano-vfprintf_i.o)
                0x08004614                _printf_common
 .text._printf_i
                0x080046f8      0x240 D:/arm-none-eabi-gcc/bin/../lib/gcc/arm-none-eabi/14.2.1/thumb/v7-m/nofp\libc_nano.a(libc_a-nano-vfprintf_i.o)
                0x080046f8                _printf_i
 .text.__swbuf_r
                0x08004938       0x7c D:/arm-none-eabi-gcc/bin/../lib/gcc/arm-none-eabi/14.2.1/thumb/v7-m/nofp\libc_nano.a(libc_a-wbuf.o)
                0x08004938                __swbuf_r
 .text.__swsetup_r
                0x080049b4       0xa8 D:/arm-none-eabi-gcc/bin/../lib/gcc/arm-none-eabi/14.2.1/thumb/v7-m/nofp\libc_nano.a(libc_a-wsetup.o)
                0x080049b4                __swsetup_r
 .text._raise_r
                0x08004a5c       0x50 D:/arm-none-eabi-gcc/bin/../lib/gcc/arm-none-eabi/14.2.1/thumb/v7-m/nofp\libc_nano.a(libc_a-signal.o)
                0x08004a5c                _raise_r
 .text.raise    0x08004aac       0x10 D:/arm-none-eabi-gcc/bin/../lib/gcc/arm-none-eabi/14.2.1/thumb/v7-m/nofp\libc_nano.a(libc_a-signal.o)
                0x08004aac                raise
 .text._kill_r  0x08004abc       0x24 D:/arm-none-eabi-gcc/bin/../lib/gcc/arm-none-eabi/14.2.1/thumb/v7-m/nofp\libc_nano.a(libc_a-signalr.o)
                0x08004abc                _kill_r
 .text._getpid_r
                0x08004ae0        0x4 D:/arm-none-eabi-gcc/bin/../lib/gcc/arm-none-eabi/14.2.1/thumb/v7-m/nofp\libc_nano.a(libc_a-signalr.o)
                0x08004ae0                _getpid_r
 .text.memchr   0x08004ae4       0x1c D:/arm-none-eabi-gcc/bin/../lib/gcc/arm-none-eabi/14.2.1/thumb/v7-m/nofp\libc_nano.a(libc_a-memchr-stub.o)
                0x08004ae4                memchr
 .text.__swhatbuf_r
                0x08004b00       0x48 D:/arm-none-eabi-gcc/bin/../lib/gcc/arm-none-eabi/14.2.1/thumb/v7-m/nofp\libc_nano.a(libc_a-makebuf.o)
                0x08004b00                __swhatbuf_r
 .text.__smakebuf_r
                0x08004b48       0x72 D:/arm-none-eabi-gcc/bin/../lib/gcc/arm-none-eabi/14.2.1/thumb/v7-m/nofp\libc_nano.a(libc_a-makebuf.o)
                0x08004b48                __smakebuf_r
 *fill*         0x08004bba        0x2 
 .text._fstat_r
                0x08004bbc       0x24 D:/arm-none-eabi-gcc/bin/../lib/gcc/arm-none-eabi/14.2.1/thumb/v7-m/nofp\libc_nano.a(libc_a-fstatr.o)
                0x08004bbc                _fstat_r
 .text._isatty_r
                0x08004be0       0x20 D:/arm-none-eabi-gcc/bin/../lib/gcc/arm-none-eabi/14.2.1/thumb/v7-m/nofp\libc_nano.a(libc_a-isattyr.o)
                0x08004be0                _isatty_r
 .text.exp      0x08004c00       0x74 D:/arm-none-eabi-gcc/bin/../lib/gcc/arm-none-eabi/14.2.1/thumb/v7-m/nofp\libm.a(libm_a-w_exp.o)
                0x08004c00                exp
 .text.finite   0x08004c74        0xc D:/arm-none-eabi-gcc/bin/../lib/gcc/arm-none-eabi/14.2.1/thumb/v7-m/nofp\libm.a(libm_a-s_finite.o)
                0x08004c74                finite
 .text.__ieee754_exp
                0x08004c80      0x374 D:/arm-none-eabi-gcc/bin/../lib/gcc/arm-none-eabi/14.2.1/thumb/v7-m/nofp\libm.a(libm_a-e_exp.o)
                0x08004c80                __ieee754_exp
 .text.with_errno
                0x08004ff4       0x18 D:/arm-none-eabi-gcc/bin/../lib/gcc/arm-none-eabi/14.2.1/thumb/v7-m/nofp\libm.a(libm_a-math_err.o)
 .text.xflow    0x0800500c       0x30 D:/arm-none-eabi-gcc/bin/../lib/gcc/arm-none-eabi/14.2.1/thumb/v7-m/nofp\libm.a(libm_a-math_err.o)
 .text.__math_uflow
                0x0800503c        0xc D:/arm-none-eabi-gcc/bin/../lib/gcc/arm-none-eabi/14.2.1/thumb/v7-m/nofp\libm.a(libm_a-math_err.o)
                0x0800503c                __math_uflow
 .text.__math_oflow
                0x08005048        0xc D:/arm-none-eabi-gcc/bin/../lib/gcc/arm-none-eabi/14.2.1/thumb/v7-m/nofp\libm.a(libm_a-math_err.o)
                0x08005048                __math_oflow
 *(.glue_7)
 .glue_7        0x08005054        0x0 linker stubs
 *(.glue_7t)
 .glue_7t       0x08005054        0x0 linker stubs
 *(.eh_frame)
 .eh_frame      0x08005054        0x0 D:/arm-none-eabi-gcc/bin/../lib/gcc/arm-none-eabi/14.2.1/thumb/v7-m/nofp/crtbegin.o
 *(.init)
 .init          0x08005054        0x4 D:/arm-none-eabi-gcc/bin/../lib/gcc/arm-none-eabi/14.2.1/thumb/v7-m/nofp/crti.o
                0x08005054                _init
 .init          0x08005058        0x8 D:/arm-none-eabi-gcc/bin/../lib/gcc/arm-none-eabi/14.2.1/thumb/v7-m/nofp/crtn.o
 *(.fini)
 .fini          0x08005060        0x4 D:/arm-none-eabi-gcc/bin/../lib/gcc/arm-none-eabi/14.2.1/thumb/v7-m/nofp/crti.o
                0x08005060                _fini
 .fini          0x08005064        0x8 D:/arm-none-eabi-gcc/bin/../lib/gcc/arm-none-eabi/14.2.1/thumb/v7-m/nofp/crtn.o
                0x0800506c                        . = ALIGN (0x4)
                0x0800506c                        _etext = .

.vfp11_veneer   0x0800506c        0x0
 .vfp11_veneer  0x0800506c        0x0 linker stubs

.v4_bx          0x0800506c        0x0
 .v4_bx         0x0800506c        0x0 linker stubs

.iplt           0x0800506c        0x0
 .iplt          0x0800506c        0x0 D:/arm-none-eabi-gcc/bin/../lib/gcc/arm-none-eabi/14.2.1/thumb/v7-m/nofp/crtbegin.o

.rodata         0x08005070      0x188
                0x08005070                        . = ALIGN (0x4)
 *(.rodata)
 *(.rodata*)
 .rodata.DIGIT_COUNT
                0x08005070        0x1 build/main.o
                0x08005070                DIGIT_COUNT
 *fill*         0x08005071        0x3 
 .rodata.segment_code
                0x08005074        0xb build/main.o
                0x08005074                segment_code
 *fill*         0x0800507f        0x1 
 .rodata.aPredivFactorTable.0
                0x08005080        0x2 build/stm32f1xx_hal_rcc.o
 *fill*         0x08005082        0x2 
 .rodata.aPLLMULFactorTable.1
                0x08005084       0x10 build/stm32f1xx_hal_rcc.o
 .rodata.aPredivFactorTable.0
                0x08005094        0x2 build/stm32f1xx_hal_rcc_ex.o
 *fill*         0x08005096        0x2 
 .rodata.aPLLMULFactorTable.1
                0x08005098       0x10 build/stm32f1xx_hal_rcc_ex.o
 .rodata.APBPrescTable
                0x080050a8        0x8 build/system_stm32f1xx.o
                0x080050a8                APBPrescTable
 .rodata.AHBPrescTable
                0x080050b0       0x10 build/system_stm32f1xx.o
                0x080050b0                AHBPrescTable
 .rodata.CODE   0x080050c0        0xc build/revolve.o
                0x080050c0                CODE
 .rodata.DIGIT  0x080050cc       0x18 build/revolve.o
                0x080050cc                DIGIT
 .rodata.srand.str1.1
                0x080050e4       0xdf D:/arm-none-eabi-gcc/bin/../lib/gcc/arm-none-eabi/14.2.1/thumb/v7-m/nofp\libc_nano.a(libc_a-rand.o)
                                 0x70 (size before relaxing)
 .rodata.__assert_func.str1.1
                0x080051c3       0x3d D:/arm-none-eabi-gcc/bin/../lib/gcc/arm-none-eabi/14.2.1/thumb/v7-m/nofp\libc_nano.a(libc_a-assert.o)
 .rodata._vfprintf_r.str1.1
                0x080051c3       0x11 D:/arm-none-eabi-gcc/bin/../lib/gcc/arm-none-eabi/14.2.1/thumb/v7-m/nofp\libc_nano.a(libc_a-nano-vfprintf.o)
 .rodata._printf_i.str1.1
                0x080051c3       0x22 D:/arm-none-eabi-gcc/bin/../lib/gcc/arm-none-eabi/14.2.1/thumb/v7-m/nofp\libc_nano.a(libc_a-nano-vfprintf_i.o)
 *fill*         0x080051c3        0x5 
 .rodata.ln2LO  0x080051c8       0x10 D:/arm-none-eabi-gcc/bin/../lib/gcc/arm-none-eabi/14.2.1/thumb/v7-m/nofp\libm.a(libm_a-e_exp.o)
 .rodata.ln2HI  0x080051d8       0x10 D:/arm-none-eabi-gcc/bin/../lib/gcc/arm-none-eabi/14.2.1/thumb/v7-m/nofp\libm.a(libm_a-e_exp.o)
 .rodata.halF   0x080051e8       0x10 D:/arm-none-eabi-gcc/bin/../lib/gcc/arm-none-eabi/14.2.1/thumb/v7-m/nofp\libm.a(libm_a-e_exp.o)
                0x080051f8                        . = ALIGN (0x4)

.rel.dyn        0x080051f8        0x0
 .rel.iplt      0x080051f8        0x0 D:/arm-none-eabi-gcc/bin/../lib/gcc/arm-none-eabi/14.2.1/thumb/v7-m/nofp/crtbegin.o

.ARM.extab
 *(.ARM.extab* .gnu.linkonce.armextab.*)

.ARM            0x080051f8        0x0
                0x080051f8                        __exidx_start = .
 *(.ARM.exidx*)
                0x080051f8                        __exidx_end = .

.preinit_array  0x080051f8        0x0
                0x080051f8                        PROVIDE (__preinit_array_start = .)
 *(.preinit_array*)
                0x080051f8                        PROVIDE (__preinit_array_end = .)

.init_array     0x080051f8        0x4
                0x080051f8                        PROVIDE (__init_array_start = .)
 *(SORT_BY_NAME(.init_array.*))
 *(.init_array*)
 .init_array    0x080051f8        0x4 D:/arm-none-eabi-gcc/bin/../lib/gcc/arm-none-eabi/14.2.1/thumb/v7-m/nofp/crtbegin.o
                0x080051fc                        PROVIDE (__init_array_end = .)

.fini_array     0x080051fc        0x4
                [!provide]                        PROVIDE (__fini_array_start = .)
 *(SORT_BY_NAME(.fini_array.*))
 *(.fini_array*)
 .fini_array    0x080051fc        0x4 D:/arm-none-eabi-gcc/bin/../lib/gcc/arm-none-eabi/14.2.1/thumb/v7-m/nofp/crtbegin.o
                [!provide]                        PROVIDE (__fini_array_end = .)
                0x08005200                        _sidata = LOADADDR (.data)

.data           0x20000000       0x8c load address 0x08005200
                0x20000000                        . = ALIGN (0x4)
                0x20000000                        _sdata = .
 *(.data)
 *(.data*)
 .data.modeNumber
                0x20000000        0x1 build/main.o
                0x20000000                modeNumber
 *fill*         0x20000001        0x3 
 .data.DIGIT_ARR
                0x20000004        0x8 build/main.o
                0x20000004                DIGIT_ARR
 .data.LED_ARR  0x2000000c        0xe build/main.o
                0x2000000c                LED_ARR
 .data.uwTickFreq
                0x2000001a        0x1 build/stm32f1xx_hal.o
                0x2000001a                uwTickFreq
 *fill*         0x2000001b        0x1 
 .data.uwTickPrio
                0x2000001c        0x4 build/stm32f1xx_hal.o
                0x2000001c                uwTickPrio
 .data.SystemCoreClock
                0x20000020        0x4 build/system_stm32f1xx.o
                0x20000020                SystemCoreClock
 .data.hours    0x20000024        0x1 build/clock_keep.o
                0x20000024                hours
 .data.setMinutes
                0x20000025        0x1 build/countdown.o
                0x20000025                setMinutes
 *fill*         0x20000026        0x2 
 .data.setDigits
                0x20000028        0x4 build/dice.o
                0x20000028                setDigits
 .data.systemState
                0x2000002c        0x1 build/dice.o
                0x2000002c                systemState
 *fill*         0x2000002d        0x3 
 .data.__sglue  0x20000030        0xc D:/arm-none-eabi-gcc/bin/../lib/gcc/arm-none-eabi/14.2.1/thumb/v7-m/nofp\libc_nano.a(libc_a-findfp.o)
                0x20000030                __sglue
 .data._impure_ptr
                0x2000003c        0x4 D:/arm-none-eabi-gcc/bin/../lib/gcc/arm-none-eabi/14.2.1/thumb/v7-m/nofp\libc_nano.a(libc_a-impure.o)
                0x2000003c                _impure_ptr
 .data._impure_data
                0x20000040       0x4c D:/arm-none-eabi-gcc/bin/../lib/gcc/arm-none-eabi/14.2.1/thumb/v7-m/nofp\libc_nano.a(libc_a-impure.o)
                0x20000040                _impure_data
                0x2000008c                        . = ALIGN (0x4)
                0x2000008c                        _edata = .

.tm_clone_table
                0x2000008c        0x0 load address 0x0800528c
 .tm_clone_table
                0x2000008c        0x0 D:/arm-none-eabi-gcc/bin/../lib/gcc/arm-none-eabi/14.2.1/thumb/v7-m/nofp/crtbegin.o
 .tm_clone_table
                0x2000008c        0x0 D:/arm-none-eabi-gcc/bin/../lib/gcc/arm-none-eabi/14.2.1/thumb/v7-m/nofp/crtend.o

.igot.plt       0x2000008c        0x0 load address 0x0800528c
 .igot.plt      0x2000008c        0x0 D:/arm-none-eabi-gcc/bin/../lib/gcc/arm-none-eabi/14.2.1/thumb/v7-m/nofp/crtbegin.o
                0x2000008c                        . = ALIGN (0x4)

.bss            0x2000008c      0x214 load address 0x0800528c
                0x2000008c                        _sbss = .
                0x2000008c                        __bss_start__ = _sbss
 *(.bss)
 *(.bss*)
 .bss.completed.1
                0x2000008c        0x1 D:/arm-none-eabi-gcc/bin/../lib/gcc/arm-none-eabi/14.2.1/thumb/v7-m/nofp/crtbegin.o
 *fill*         0x2000008d        0x3 
 .bss.object.0  0x20000090       0x18 D:/arm-none-eabi-gcc/bin/../lib/gcc/arm-none-eabi/14.2.1/thumb/v7-m/nofp/crtbegin.o
 .bss.buttonLastTime
                0x200000a8        0x4 build/main.o
                0x200000a8                buttonLastTime
 .bss.firstClickTime
                0x200000ac        0x4 build/main.o
                0x200000ac                firstClickTime
 .bss.clickCount
                0x200000b0        0x1 build/main.o
                0x200000b0                clickCount
 *fill*         0x200000b1        0x1 
 .bss.inactivityCounter
                0x200000b2        0x2 build/main.o
                0x200000b2                inactivityCounter
 .bss.isInStandby
                0x200000b4        0x1 build/main.o
                0x200000b4                isInStandby
 .bss.lastModeState
                0x200000b5        0x1 build/main.o
                0x200000b5                lastModeState
 .bss.modeState
                0x200000b6        0x1 build/main.o
                0x200000b6                modeState
 *fill*         0x200000b7        0x1 
 .bss.hrtc      0x200000b8       0x14 build/rtc.o
                0x200000b8                hrtc
 .bss.htim4     0x200000cc       0x48 build/tim.o
                0x200000cc                htim4
 .bss.uwTick    0x20000114        0x4 build/stm32f1xx_hal.o
                0x20000114                uwTick
 .bss.__sbrk_heap_end
                0x20000118        0x4 build/sysmem.o
 .bss.isTiming  0x2000011c        0x1 build/time_keep.o
                0x2000011c                isTiming
 *fill*         0x2000011d        0x3 
 .bss.elapsedTime
                0x20000120        0x4 build/time_keep.o
                0x20000120                elapsedTime
 .bss.last_blink_time.0
                0x20000124        0x4 build/clock_keep.o
 .bss.blink_flag
                0x20000128        0x1 build/clock_keep.o
                0x20000128                blink_flag
 .bss.minutes   0x20000129        0x1 build/clock_keep.o
                0x20000129                minutes
 .bss.setting_mode
                0x2000012a        0x1 build/clock_keep.o
                0x2000012a                setting_mode
 *fill*         0x2000012b        0x1 
 .bss.last_blink_time.0
                0x2000012c        0x4 build/countdown.o
 .bss.cd_blink_flag
                0x20000130        0x1 build/countdown.o
                0x20000130                cd_blink_flag
 *fill*         0x20000131        0x3 
 .bss.countdownTime
                0x20000134        0x4 build/countdown.o
                0x20000134                countdownTime
 .bss.setSeconds
                0x20000138        0x1 build/countdown.o
                0x20000138                setSeconds
 .bss.countdownState
                0x20000139        0x1 build/countdown.o
                0x20000139                countdownState
 *fill*         0x2000013a        0x2 
 .bss.diceLastBlinkTime.0
                0x2000013c        0x4 build/dice.o
 .bss.blinkFlag
                0x20000140        0x1 build/dice.o
                0x20000140                blinkFlag
 .bss.fixedCount
                0x20000141        0x1 build/dice.o
                0x20000141                fixedCount
 *fill*         0x20000142        0x2 
 .bss.rollStartTime
                0x20000144        0x4 build/dice.o
                0x20000144                rollStartTime
 .bss.currentDisplay
                0x20000148        0x4 build/dice.o
                0x20000148                currentDisplay
 .bss.finalDigits
                0x2000014c        0x4 build/dice.o
                0x2000014c                finalDigits
 .bss.currentSettingIndex
                0x20000150        0x1 build/dice.o
                0x20000150                currentSettingIndex
 *fill*         0x20000151        0x3 
 .bss.__sf      0x20000154      0x138 D:/arm-none-eabi-gcc/bin/../lib/gcc/arm-none-eabi/14.2.1/thumb/v7-m/nofp\libc_nano.a(libc_a-findfp.o)
                0x20000154                __sf
 .bss.__stdio_exit_handler
                0x2000028c        0x4 D:/arm-none-eabi-gcc/bin/../lib/gcc/arm-none-eabi/14.2.1/thumb/v7-m/nofp\libc_nano.a(libc_a-findfp.o)
                0x2000028c                __stdio_exit_handler
 .bss.errno     0x20000290        0x4 D:/arm-none-eabi-gcc/bin/../lib/gcc/arm-none-eabi/14.2.1/thumb/v7-m/nofp\libc_nano.a(libc_a-reent.o)
                0x20000290                errno
 .bss.__lock___malloc_recursive_mutex
                0x20000294        0x1 D:/arm-none-eabi-gcc/bin/../lib/gcc/arm-none-eabi/14.2.1/thumb/v7-m/nofp\libc_nano.a(libc_a-lock.o)
                0x20000294                __lock___malloc_recursive_mutex
 .bss.__lock___sfp_recursive_mutex
                0x20000295        0x1 D:/arm-none-eabi-gcc/bin/../lib/gcc/arm-none-eabi/14.2.1/thumb/v7-m/nofp\libc_nano.a(libc_a-lock.o)
                0x20000295                __lock___sfp_recursive_mutex
 *fill*         0x20000296        0x2 
 .bss.__malloc_sbrk_start
                0x20000298        0x4 D:/arm-none-eabi-gcc/bin/../lib/gcc/arm-none-eabi/14.2.1/thumb/v7-m/nofp\libc_nano.a(libc_a-mallocr.o)
                0x20000298                __malloc_sbrk_start
 .bss.__malloc_free_list
                0x2000029c        0x4 D:/arm-none-eabi-gcc/bin/../lib/gcc/arm-none-eabi/14.2.1/thumb/v7-m/nofp\libc_nano.a(libc_a-mallocr.o)
                0x2000029c                __malloc_free_list
 *(COMMON)
                0x200002a0                        . = ALIGN (0x4)
                0x200002a0                        _ebss = .
                0x200002a0                        __bss_end__ = _ebss

._user_heap_stack
                0x200002a0      0x600 load address 0x0800528c
                0x200002a0                        . = ALIGN (0x8)
                [!provide]                        PROVIDE (end = .)
                0x200002a0                        PROVIDE (_end = .)
                0x200004a0                        . = (. + _Min_Heap_Size)
 *fill*         0x200002a0      0x200 
                0x200008a0                        . = (. + _Min_Stack_Size)
 *fill*         0x200004a0      0x400 
                0x200008a0                        . = ALIGN (0x8)

/DISCARD/
 libc.a(*)
 libm.a(*)
 libgcc.a(*)

.ARM.attributes
                0x00000000       0x29
 *(.ARM.attributes)
 .ARM.attributes
                0x00000000       0x1d D:/arm-none-eabi-gcc/bin/../lib/gcc/arm-none-eabi/14.2.1/thumb/v7-m/nofp/crti.o
 .ARM.attributes
                0x0000001d       0x2d D:/arm-none-eabi-gcc/bin/../lib/gcc/arm-none-eabi/14.2.1/thumb/v7-m/nofp/crtbegin.o
 .ARM.attributes
                0x0000004a       0x2d build/main.o
 .ARM.attributes
                0x00000077       0x2d build/gpio.o
 .ARM.attributes
                0x000000a4       0x2d build/rtc.o
 .ARM.attributes
                0x000000d1       0x2d build/tim.o
 .ARM.attributes
                0x000000fe       0x2d build/stm32f1xx_it.o
 .ARM.attributes
                0x0000012b       0x2d build/stm32f1xx_hal_msp.o
 .ARM.attributes
                0x00000158       0x2d build/stm32f1xx_hal_rtc.o
 .ARM.attributes
                0x00000185       0x2d build/stm32f1xx_hal.o
 .ARM.attributes
                0x000001b2       0x2d build/stm32f1xx_hal_rcc.o
 .ARM.attributes
                0x000001df       0x2d build/stm32f1xx_hal_rcc_ex.o
 .ARM.attributes
                0x0000020c       0x2d build/stm32f1xx_hal_gpio.o
 .ARM.attributes
                0x00000239       0x2d build/stm32f1xx_hal_cortex.o
 .ARM.attributes
                0x00000266       0x2d build/stm32f1xx_hal_pwr.o
 .ARM.attributes
                0x00000293       0x2d build/stm32f1xx_hal_tim.o
 .ARM.attributes
                0x000002c0       0x2d build/stm32f1xx_hal_tim_ex.o
 .ARM.attributes
                0x000002ed       0x2d build/system_stm32f1xx.o
 .ARM.attributes
                0x0000031a       0x2d build/sysmem.o
 .ARM.attributes
                0x00000347       0x2d build/syscalls.o
 .ARM.attributes
                0x00000374       0x2d build/revolve.o
 .ARM.attributes
                0x000003a1       0x2d build/time_keep.o
 .ARM.attributes
                0x000003ce       0x2d build/clock_keep.o
 .ARM.attributes
                0x000003fb       0x2d build/countdown.o
 .ARM.attributes
                0x00000428       0x2d build/dice.o
 .ARM.attributes
                0x00000455       0x2d build/mode_select.o
 .ARM.attributes
                0x00000482       0x21 build/startup_stm32f103xb.o
 .ARM.attributes
                0x000004a3       0x2d D:/arm-none-eabi-gcc/bin/../lib/gcc/arm-none-eabi/14.2.1/thumb/v7-m/nofp\libc_nano.a(libc_a-rand.o)
 .ARM.attributes
                0x000004d0       0x2d D:/arm-none-eabi-gcc/bin/../lib/gcc/arm-none-eabi/14.2.1/thumb/v7-m/nofp\libc_nano.a(libc_a-findfp.o)
 .ARM.attributes
                0x000004fd       0x2d D:/arm-none-eabi-gcc/bin/../lib/gcc/arm-none-eabi/14.2.1/thumb/v7-m/nofp\libc_nano.a(libc_a-fwalk.o)
 .ARM.attributes
                0x0000052a       0x2d D:/arm-none-eabi-gcc/bin/../lib/gcc/arm-none-eabi/14.2.1/thumb/v7-m/nofp\libc_nano.a(libc_a-stdio.o)
 .ARM.attributes
                0x00000557       0x2d D:/arm-none-eabi-gcc/bin/../lib/gcc/arm-none-eabi/14.2.1/thumb/v7-m/nofp\libc_nano.a(libc_a-memset.o)
 .ARM.attributes
                0x00000584       0x2d D:/arm-none-eabi-gcc/bin/../lib/gcc/arm-none-eabi/14.2.1/thumb/v7-m/nofp\libc_nano.a(libc_a-closer.o)
 .ARM.attributes
                0x000005b1       0x2d D:/arm-none-eabi-gcc/bin/../lib/gcc/arm-none-eabi/14.2.1/thumb/v7-m/nofp\libc_nano.a(libc_a-reent.o)
 .ARM.attributes
                0x000005de       0x2d D:/arm-none-eabi-gcc/bin/../lib/gcc/arm-none-eabi/14.2.1/thumb/v7-m/nofp\libc_nano.a(libc_a-impure.o)
 .ARM.attributes
                0x0000060b       0x2d D:/arm-none-eabi-gcc/bin/../lib/gcc/arm-none-eabi/14.2.1/thumb/v7-m/nofp\libc_nano.a(libc_a-lseekr.o)
 .ARM.attributes
                0x00000638       0x2d D:/arm-none-eabi-gcc/bin/../lib/gcc/arm-none-eabi/14.2.1/thumb/v7-m/nofp\libc_nano.a(libc_a-readr.o)
 .ARM.attributes
                0x00000665       0x2d D:/arm-none-eabi-gcc/bin/../lib/gcc/arm-none-eabi/14.2.1/thumb/v7-m/nofp\libc_nano.a(libc_a-writer.o)
 .ARM.attributes
                0x00000692       0x2d D:/arm-none-eabi-gcc/bin/../lib/gcc/arm-none-eabi/14.2.1/thumb/v7-m/nofp\libc_nano.a(libc_a-errno.o)
 .ARM.attributes
                0x000006bf       0x2d D:/arm-none-eabi-gcc/bin/../lib/gcc/arm-none-eabi/14.2.1/thumb/v7-m/nofp\libc_nano.a(libc_a-init.o)
 .ARM.attributes
                0x000006ec       0x2d D:/arm-none-eabi-gcc/bin/../lib/gcc/arm-none-eabi/14.2.1/thumb/v7-m/nofp\libc_nano.a(libc_a-lock.o)
 .ARM.attributes
                0x00000719       0x2d D:/arm-none-eabi-gcc/bin/../lib/gcc/arm-none-eabi/14.2.1/thumb/v7-m/nofp\libc_nano.a(libc_a-assert.o)
 .ARM.attributes
                0x00000746       0x2d D:/arm-none-eabi-gcc/bin/../lib/gcc/arm-none-eabi/14.2.1/thumb/v7-m/nofp\libc_nano.a(libc_a-freer.o)
 .ARM.attributes
                0x00000773       0x2d D:/arm-none-eabi-gcc/bin/../lib/gcc/arm-none-eabi/14.2.1/thumb/v7-m/nofp\libc_nano.a(libc_a-malloc.o)
 .ARM.attributes
                0x000007a0       0x2d D:/arm-none-eabi-gcc/bin/../lib/gcc/arm-none-eabi/14.2.1/thumb/v7-m/nofp\libc_nano.a(libc_a-mallocr.o)
 .ARM.attributes
                0x000007cd       0x2d D:/arm-none-eabi-gcc/bin/../lib/gcc/arm-none-eabi/14.2.1/thumb/v7-m/nofp\libc_nano.a(libc_a-mlock.o)
 .ARM.attributes
                0x000007fa       0x2d D:/arm-none-eabi-gcc/bin/../lib/gcc/arm-none-eabi/14.2.1/thumb/v7-m/nofp\libc_nano.a(libc_a-fflush.o)
 .ARM.attributes
                0x00000827       0x2d D:/arm-none-eabi-gcc/bin/../lib/gcc/arm-none-eabi/14.2.1/thumb/v7-m/nofp\libc_nano.a(libc_a-fprintf.o)
 .ARM.attributes
                0x00000854       0x2d D:/arm-none-eabi-gcc/bin/../lib/gcc/arm-none-eabi/14.2.1/thumb/v7-m/nofp\libc_nano.a(libc_a-sbrkr.o)
 .ARM.attributes
                0x00000881       0x2d D:/arm-none-eabi-gcc/bin/../lib/gcc/arm-none-eabi/14.2.1/thumb/v7-m/nofp\libc_nano.a(libc_a-abort.o)
 .ARM.attributes
                0x000008ae       0x2d D:/arm-none-eabi-gcc/bin/../lib/gcc/arm-none-eabi/14.2.1/thumb/v7-m/nofp\libc_nano.a(libc_a-nano-vfprintf.o)
 .ARM.attributes
                0x000008db       0x2d D:/arm-none-eabi-gcc/bin/../lib/gcc/arm-none-eabi/14.2.1/thumb/v7-m/nofp\libc_nano.a(libc_a-nano-vfprintf_i.o)
 .ARM.attributes
                0x00000908       0x2d D:/arm-none-eabi-gcc/bin/../lib/gcc/arm-none-eabi/14.2.1/thumb/v7-m/nofp\libc_nano.a(libc_a-wbuf.o)
 .ARM.attributes
                0x00000935       0x2d D:/arm-none-eabi-gcc/bin/../lib/gcc/arm-none-eabi/14.2.1/thumb/v7-m/nofp\libc_nano.a(libc_a-wsetup.o)
 .ARM.attributes
                0x00000962       0x2d D:/arm-none-eabi-gcc/bin/../lib/gcc/arm-none-eabi/14.2.1/thumb/v7-m/nofp\libc_nano.a(libc_a-signal.o)
 .ARM.attributes
                0x0000098f       0x2d D:/arm-none-eabi-gcc/bin/../lib/gcc/arm-none-eabi/14.2.1/thumb/v7-m/nofp\libc_nano.a(libc_a-signalr.o)
 .ARM.attributes
                0x000009bc       0x2d D:/arm-none-eabi-gcc/bin/../lib/gcc/arm-none-eabi/14.2.1/thumb/v7-m/nofp\libc_nano.a(libc_a-memchr-stub.o)
 .ARM.attributes
                0x000009e9       0x2d D:/arm-none-eabi-gcc/bin/../lib/gcc/arm-none-eabi/14.2.1/thumb/v7-m/nofp\libc_nano.a(libc_a-makebuf.o)
 .ARM.attributes
                0x00000a16       0x2d D:/arm-none-eabi-gcc/bin/../lib/gcc/arm-none-eabi/14.2.1/thumb/v7-m/nofp\libc_nano.a(libc_a-fstatr.o)
 .ARM.attributes
                0x00000a43       0x2d D:/arm-none-eabi-gcc/bin/../lib/gcc/arm-none-eabi/14.2.1/thumb/v7-m/nofp\libc_nano.a(libc_a-isattyr.o)
 .ARM.attributes
                0x00000a70       0x2d D:/arm-none-eabi-gcc/bin/../lib/gcc/arm-none-eabi/14.2.1/thumb/v7-m/nofp\libm.a(libm_a-w_exp.o)
 .ARM.attributes
                0x00000a9d       0x2d D:/arm-none-eabi-gcc/bin/../lib/gcc/arm-none-eabi/14.2.1/thumb/v7-m/nofp\libm.a(libm_a-s_finite.o)
 .ARM.attributes
                0x00000aca       0x2d D:/arm-none-eabi-gcc/bin/../lib/gcc/arm-none-eabi/14.2.1/thumb/v7-m/nofp\libm.a(libm_a-e_exp.o)
 .ARM.attributes
                0x00000af7       0x2d D:/arm-none-eabi-gcc/bin/../lib/gcc/arm-none-eabi/14.2.1/thumb/v7-m/nofp\libm.a(libm_a-math_err.o)
 .ARM.attributes
                0x00000b24       0x1d D:/arm-none-eabi-gcc/bin/../lib/gcc/arm-none-eabi/14.2.1/thumb/v7-m/nofp\libgcc.a(_arm_mulsf3.o)
 .ARM.attributes
                0x00000b41       0x1d D:/arm-none-eabi-gcc/bin/../lib/gcc/arm-none-eabi/14.2.1/thumb/v7-m/nofp\libgcc.a(_arm_addsubdf3.o)
 .ARM.attributes
                0x00000b5e       0x1d D:/arm-none-eabi-gcc/bin/../lib/gcc/arm-none-eabi/14.2.1/thumb/v7-m/nofp\libgcc.a(_arm_muldivdf3.o)
 .ARM.attributes
                0x00000b7b       0x1d D:/arm-none-eabi-gcc/bin/../lib/gcc/arm-none-eabi/14.2.1/thumb/v7-m/nofp\libgcc.a(_arm_cmpdf2.o)
 .ARM.attributes
                0x00000b98       0x1d D:/arm-none-eabi-gcc/bin/../lib/gcc/arm-none-eabi/14.2.1/thumb/v7-m/nofp\libgcc.a(_arm_fixdfsi.o)
 .ARM.attributes
                0x00000bb5       0x1d D:/arm-none-eabi-gcc/bin/../lib/gcc/arm-none-eabi/14.2.1/thumb/v7-m/nofp\libgcc.a(_arm_fixunsdfsi.o)
 .ARM.attributes
                0x00000bd2       0x1d D:/arm-none-eabi-gcc/bin/../lib/gcc/arm-none-eabi/14.2.1/thumb/v7-m/nofp\libgcc.a(_arm_addsubsf3.o)
 .ARM.attributes
                0x00000bef       0x1d D:/arm-none-eabi-gcc/bin/../lib/gcc/arm-none-eabi/14.2.1/thumb/v7-m/nofp\libgcc.a(_arm_cmpsf2.o)
 .ARM.attributes
                0x00000c0c       0x2d D:/arm-none-eabi-gcc/bin/../lib/gcc/arm-none-eabi/14.2.1/thumb/v7-m/nofp/crtend.o
 .ARM.attributes
                0x00000c39       0x1d D:/arm-none-eabi-gcc/bin/../lib/gcc/arm-none-eabi/14.2.1/thumb/v7-m/nofp/crtn.o
OUTPUT(build/DigitWatch.elf elf32-littlearm)
LOAD linker stubs
LOAD D:/arm-none-eabi-gcc/bin/../lib/gcc/arm-none-eabi/14.2.1/thumb/v7-m/nofp\libc.a
LOAD D:/arm-none-eabi-gcc/bin/../lib/gcc/arm-none-eabi/14.2.1/thumb/v7-m/nofp\libm.a
LOAD D:/arm-none-eabi-gcc/bin/../lib/gcc/arm-none-eabi/14.2.1/thumb/v7-m/nofp\libgcc.a

.debug_info     0x00000000    0x109fb
 .debug_info    0x00000000     0x11ad build/main.o
 .debug_info    0x000011ad      0x5bf build/gpio.o
 .debug_info    0x0000176c      0x5d0 build/rtc.o
 .debug_info    0x00001d3c      0xbec build/tim.o
 .debug_info    0x00002928      0x95a build/stm32f1xx_it.o
 .debug_info    0x00003282      0x238 build/stm32f1xx_hal_msp.o
 .debug_info    0x000034ba     0x13f0 build/stm32f1xx_hal_rtc.o
 .debug_info    0x000048aa      0x880 build/stm32f1xx_hal.o
 .debug_info    0x0000512a      0xb10 build/stm32f1xx_hal_rcc.o
 .debug_info    0x00005c3a      0x47d build/stm32f1xx_hal_rcc_ex.o
 .debug_info    0x000060b7      0x6d7 build/stm32f1xx_hal_gpio.o
 .debug_info    0x0000678e      0xe3f build/stm32f1xx_hal_cortex.o
 .debug_info    0x000075cd      0x748 build/stm32f1xx_hal_pwr.o
 .debug_info    0x00007d15     0x4146 build/stm32f1xx_hal_tim.o
 .debug_info    0x0000be5b     0x1d41 build/stm32f1xx_hal_tim_ex.o
 .debug_info    0x0000db9c      0x26e build/system_stm32f1xx.o
 .debug_info    0x0000de0a      0x18c build/sysmem.o
 .debug_info    0x0000df96      0x848 build/syscalls.o
 .debug_info    0x0000e7de      0x48b build/revolve.o
 .debug_info    0x0000ec69      0x4f4 build/time_keep.o
 .debug_info    0x0000f15d      0x80b build/clock_keep.o
 .debug_info    0x0000f968      0x635 build/countdown.o
 .debug_info    0x0000ff9d      0x5bd build/dice.o
 .debug_info    0x0001055a      0x471 build/mode_select.o
 .debug_info    0x000109cb       0x30 build/startup_stm32f103xb.o

.debug_abbrev   0x00000000     0x33fb
 .debug_abbrev  0x00000000      0x39a build/main.o
 .debug_abbrev  0x0000039a      0x16c build/gpio.o
 .debug_abbrev  0x00000506      0x1e4 build/rtc.o
 .debug_abbrev  0x000006ea      0x231 build/tim.o
 .debug_abbrev  0x0000091b      0x1f0 build/stm32f1xx_it.o
 .debug_abbrev  0x00000b0b       0xe7 build/stm32f1xx_hal_msp.o
 .debug_abbrev  0x00000bf2      0x283 build/stm32f1xx_hal_rtc.o
 .debug_abbrev  0x00000e75      0x232 build/stm32f1xx_hal.o
 .debug_abbrev  0x000010a7      0x2d6 build/stm32f1xx_hal_rcc.o
 .debug_abbrev  0x0000137d      0x1d4 build/stm32f1xx_hal_rcc_ex.o
 .debug_abbrev  0x00001551      0x222 build/stm32f1xx_hal_gpio.o
 .debug_abbrev  0x00001773      0x3aa build/stm32f1xx_hal_cortex.o
 .debug_abbrev  0x00001b1d      0x1fc build/stm32f1xx_hal_pwr.o
 .debug_abbrev  0x00001d19      0x2bd build/stm32f1xx_hal_tim.o
 .debug_abbrev  0x00001fd6      0x2b7 build/stm32f1xx_hal_tim_ex.o
 .debug_abbrev  0x0000228d      0x140 build/system_stm32f1xx.o
 .debug_abbrev  0x000023cd       0xeb build/sysmem.o
 .debug_abbrev  0x000024b8      0x1e3 build/syscalls.o
 .debug_abbrev  0x0000269b      0x200 build/revolve.o
 .debug_abbrev  0x0000289b      0x237 build/time_keep.o
 .debug_abbrev  0x00002ad2      0x253 build/clock_keep.o
 .debug_abbrev  0x00002d25      0x27b build/countdown.o
 .debug_abbrev  0x00002fa0      0x23c build/dice.o
 .debug_abbrev  0x000031dc      0x202 build/mode_select.o
 .debug_abbrev  0x000033de       0x1d build/startup_stm32f103xb.o

.debug_loc      0x00000000     0xda4e
 .debug_loc     0x00000000      0x320 build/main.o
 .debug_loc     0x00000320       0x39 build/gpio.o
 .debug_loc     0x00000359       0xa7 build/rtc.o
 .debug_loc     0x00000400      0x115 build/tim.o
 .debug_loc     0x00000515       0x80 build/stm32f1xx_it.o
 .debug_loc     0x00000595       0x41 build/stm32f1xx_hal_msp.o
 .debug_loc     0x000005d6     0x1b5a build/stm32f1xx_hal_rtc.o
 .debug_loc     0x00002130      0x1f9 build/stm32f1xx_hal.o
 .debug_loc     0x00002329      0x7c6 build/stm32f1xx_hal_rcc.o
 .debug_loc     0x00002aef      0x484 build/stm32f1xx_hal_rcc_ex.o
 .debug_loc     0x00002f73      0x55f build/stm32f1xx_hal_gpio.o
 .debug_loc     0x000034d2      0x8b4 build/stm32f1xx_hal_cortex.o
 .debug_loc     0x00003d86      0x1b2 build/stm32f1xx_hal_pwr.o
 .debug_loc     0x00003f38     0x6179 build/stm32f1xx_hal_tim.o
 .debug_loc     0x0000a0b1     0x22b2 build/stm32f1xx_hal_tim_ex.o
 .debug_loc     0x0000c363      0x11b build/system_stm32f1xx.o
 .debug_loc     0x0000c47e       0x90 build/sysmem.o
 .debug_loc     0x0000c50e      0x583 build/syscalls.o
 .debug_loc     0x0000ca91      0x171 build/revolve.o
 .debug_loc     0x0000cc02      0x40b build/time_keep.o
 .debug_loc     0x0000d00d      0x315 build/clock_keep.o
 .debug_loc     0x0000d322      0x281 build/countdown.o
 .debug_loc     0x0000d5a3      0x2eb build/dice.o
 .debug_loc     0x0000d88e      0x1c0 build/mode_select.o

.debug_aranges  0x00000000      0xd80
 .debug_aranges
                0x00000000       0x68 build/main.o
 .debug_aranges
                0x00000068       0x20 build/gpio.o
 .debug_aranges
                0x00000088       0x30 build/rtc.o
 .debug_aranges
                0x000000b8       0x30 build/tim.o
 .debug_aranges
                0x000000e8       0x78 build/stm32f1xx_it.o
 .debug_aranges
                0x00000160       0x20 build/stm32f1xx_hal_msp.o
 .debug_aranges
                0x00000180       0xf8 build/stm32f1xx_hal_rtc.o
 .debug_aranges
                0x00000278       0xe0 build/stm32f1xx_hal.o
 .debug_aranges
                0x00000358       0x90 build/stm32f1xx_hal_rcc.o
 .debug_aranges
                0x000003e8       0x30 build/stm32f1xx_hal_rcc_ex.o
 .debug_aranges
                0x00000418       0x58 build/stm32f1xx_hal_gpio.o
 .debug_aranges
                0x00000470       0xc0 build/stm32f1xx_hal_cortex.o
 .debug_aranges
                0x00000530       0xa8 build/stm32f1xx_hal_pwr.o
 .debug_aranges
                0x000005d8      0x3d0 build/stm32f1xx_hal_tim.o
 .debug_aranges
                0x000009a8      0x168 build/stm32f1xx_hal_tim_ex.o
 .debug_aranges
                0x00000b10       0x28 build/system_stm32f1xx.o
 .debug_aranges
                0x00000b38       0x20 build/sysmem.o
 .debug_aranges
                0x00000b58       0xa8 build/syscalls.o
 .debug_aranges
                0x00000c00       0x28 build/revolve.o
 .debug_aranges
                0x00000c28       0x38 build/time_keep.o
 .debug_aranges
                0x00000c60       0x48 build/clock_keep.o
 .debug_aranges
                0x00000ca8       0x40 build/countdown.o
 .debug_aranges
                0x00000ce8       0x40 build/dice.o
 .debug_aranges
                0x00000d28       0x30 build/mode_select.o
 .debug_aranges
                0x00000d58       0x28 build/startup_stm32f103xb.o

.debug_ranges   0x00000000      0xd68
 .debug_ranges  0x00000000       0x88 build/main.o
 .debug_ranges  0x00000088       0x10 build/gpio.o
 .debug_ranges  0x00000098       0x20 build/rtc.o
 .debug_ranges  0x000000b8       0x20 build/tim.o
 .debug_ranges  0x000000d8       0x68 build/stm32f1xx_it.o
 .debug_ranges  0x00000140       0x10 build/stm32f1xx_hal_msp.o
 .debug_ranges  0x00000150       0xe8 build/stm32f1xx_hal_rtc.o
 .debug_ranges  0x00000238       0xd0 build/stm32f1xx_hal.o
 .debug_ranges  0x00000308       0xa0 build/stm32f1xx_hal_rcc.o
 .debug_ranges  0x000003a8       0x38 build/stm32f1xx_hal_rcc_ex.o
 .debug_ranges  0x000003e0       0x48 build/stm32f1xx_hal_gpio.o
 .debug_ranges  0x00000428       0xb0 build/stm32f1xx_hal_cortex.o
 .debug_ranges  0x000004d8       0x98 build/stm32f1xx_hal_pwr.o
 .debug_ranges  0x00000570      0x3c0 build/stm32f1xx_hal_tim.o
 .debug_ranges  0x00000930      0x158 build/stm32f1xx_hal_tim_ex.o
 .debug_ranges  0x00000a88       0x18 build/system_stm32f1xx.o
 .debug_ranges  0x00000aa0       0x10 build/sysmem.o
 .debug_ranges  0x00000ab0       0x98 build/syscalls.o
 .debug_ranges  0x00000b48       0x30 build/revolve.o
 .debug_ranges  0x00000b78       0x58 build/time_keep.o
 .debug_ranges  0x00000bd0       0x68 build/clock_keep.o
 .debug_ranges  0x00000c38       0x60 build/countdown.o
 .debug_ranges  0x00000c98       0x60 build/dice.o
 .debug_ranges  0x00000cf8       0x50 build/mode_select.o
 .debug_ranges  0x00000d48       0x20 build/startup_stm32f103xb.o

.debug_line     0x00000000     0xc644
 .debug_line    0x00000000      0x62d build/main.o
 .debug_line    0x0000062d      0x1d1 build/gpio.o
 .debug_line    0x000007fe      0x287 build/rtc.o
 .debug_line    0x00000a85      0x2ab build/tim.o
 .debug_line    0x00000d30      0x32b build/stm32f1xx_it.o
 .debug_line    0x0000105b      0x125 build/stm32f1xx_hal_msp.o
 .debug_line    0x00001180     0x10f4 build/stm32f1xx_hal_rtc.o
 .debug_line    0x00002274      0x4d6 build/stm32f1xx_hal.o
 .debug_line    0x0000274a      0xc60 build/stm32f1xx_hal_rcc.o
 .debug_line    0x000033aa      0x451 build/stm32f1xx_hal_rcc_ex.o
 .debug_line    0x000037fb      0x571 build/stm32f1xx_hal_gpio.o
 .debug_line    0x00003d6c      0x64f build/stm32f1xx_hal_cortex.o
 .debug_line    0x000043bb      0x418 build/stm32f1xx_hal_pwr.o
 .debug_line    0x000047d3     0x454c build/stm32f1xx_hal_tim.o
 .debug_line    0x00008d1f     0x1928 build/stm32f1xx_hal_tim_ex.o
 .debug_line    0x0000a647      0x1ed build/system_stm32f1xx.o
 .debug_line    0x0000a834      0x16c build/sysmem.o
 .debug_line    0x0000a9a0      0x3a0 build/syscalls.o
 .debug_line    0x0000ad40      0x29a build/revolve.o
 .debug_line    0x0000afda      0x36c build/time_keep.o
 .debug_line    0x0000b346      0x445 build/clock_keep.o
 .debug_line    0x0000b78b      0x5e3 build/countdown.o
 .debug_line    0x0000bd6e      0x5bd build/dice.o
 .debug_line    0x0000c32b      0x2a8 build/mode_select.o
 .debug_line    0x0000c5d3       0x71 build/startup_stm32f103xb.o

.debug_str      0x00000000     0x3c12
 .debug_str     0x00000000     0x3c12 build/main.o
                                0xc46 (size before relaxing)
 .debug_str     0x00003c12      0x552 build/gpio.o
 .debug_str     0x00003c12      0x406 build/rtc.o
 .debug_str     0x00003c12      0xb0b build/tim.o
 .debug_str     0x00003c12      0x869 build/stm32f1xx_it.o
 .debug_str     0x00003c12      0x1df build/stm32f1xx_hal_msp.o
 .debug_str     0x00003c12      0x6cf build/stm32f1xx_hal_rtc.o
 .debug_str     0x00003c12      0x7ee build/stm32f1xx_hal.o
 .debug_str     0x00003c12      0x5eb build/stm32f1xx_hal_rcc.o
 .debug_str     0x00003c12      0x393 build/stm32f1xx_hal_rcc_ex.o
 .debug_str     0x00003c12      0x3c0 build/stm32f1xx_hal_gpio.o
 .debug_str     0x00003c12      0x893 build/stm32f1xx_hal_cortex.o
 .debug_str     0x00003c12      0x45b build/stm32f1xx_hal_pwr.o
 .debug_str     0x00003c12     0x1645 build/stm32f1xx_hal_tim.o
 .debug_str     0x00003c12      0xe51 build/stm32f1xx_hal_tim_ex.o
 .debug_str     0x00003c12      0x214 build/system_stm32f1xx.o
 .debug_str     0x00003c12      0x1d8 build/sysmem.o
 .debug_str     0x00003c12      0x3ac build/syscalls.o
 .debug_str     0x00003c12      0x29c build/revolve.o
 .debug_str     0x00003c12      0x29a build/time_keep.o
 .debug_str     0x00003c12      0x495 build/clock_keep.o
 .debug_str     0x00003c12      0x3fe build/countdown.o
 .debug_str     0x00003c12      0x327 build/dice.o
 .debug_str     0x00003c12      0x31e build/mode_select.o
 .debug_str     0x00003c12       0x4b build/startup_stm32f103xb.o

.comment        0x00000000       0x45
 .comment       0x00000000       0x45 build/main.o
                                 0x46 (size before relaxing)
 .comment       0x00000045       0x46 build/gpio.o
 .comment       0x00000045       0x46 build/rtc.o
 .comment       0x00000045       0x46 build/tim.o
 .comment       0x00000045       0x46 build/stm32f1xx_it.o
 .comment       0x00000045       0x46 build/stm32f1xx_hal_msp.o
 .comment       0x00000045       0x46 build/stm32f1xx_hal_rtc.o
 .comment       0x00000045       0x46 build/stm32f1xx_hal.o
 .comment       0x00000045       0x46 build/stm32f1xx_hal_rcc.o
 .comment       0x00000045       0x46 build/stm32f1xx_hal_rcc_ex.o
 .comment       0x00000045       0x46 build/stm32f1xx_hal_gpio.o
 .comment       0x00000045       0x46 build/stm32f1xx_hal_cortex.o
 .comment       0x00000045       0x46 build/stm32f1xx_hal_pwr.o
 .comment       0x00000045       0x46 build/stm32f1xx_hal_tim.o
 .comment       0x00000045       0x46 build/stm32f1xx_hal_tim_ex.o
 .comment       0x00000045       0x46 build/system_stm32f1xx.o
 .comment       0x00000045       0x46 build/sysmem.o
 .comment       0x00000045       0x46 build/syscalls.o
 .comment       0x00000045       0x46 build/revolve.o
 .comment       0x00000045       0x46 build/time_keep.o
 .comment       0x00000045       0x46 build/clock_keep.o
 .comment       0x00000045       0x46 build/countdown.o
 .comment       0x00000045       0x46 build/dice.o
 .comment       0x00000045       0x46 build/mode_select.o

.debug_frame    0x00000000     0x30b8
 .debug_frame   0x00000000       0xec build/main.o
 .debug_frame   0x000000ec       0x38 build/gpio.o
 .debug_frame   0x00000124       0x5c build/rtc.o
 .debug_frame   0x00000180       0x64 build/tim.o
 .debug_frame   0x000001e4       0xf0 build/stm32f1xx_it.o
 .debug_frame   0x000002d4       0x28 build/stm32f1xx_hal_msp.o
 .debug_frame   0x000002fc      0x344 build/stm32f1xx_hal_rtc.o
 .debug_frame   0x00000640      0x1cc build/stm32f1xx_hal.o
 .debug_frame   0x0000080c      0x184 build/stm32f1xx_hal_rcc.o
 .debug_frame   0x00000990       0x60 build/stm32f1xx_hal_rcc_ex.o
 .debug_frame   0x000009f0       0xe4 build/stm32f1xx_hal_gpio.o
 .debug_frame   0x00000ad4      0x19c build/stm32f1xx_hal_cortex.o
 .debug_frame   0x00000c70      0x140 build/stm32f1xx_hal_pwr.o
 .debug_frame   0x00000db0      0xb18 build/stm32f1xx_hal_tim.o
 .debug_frame   0x000018c8      0x418 build/stm32f1xx_hal_tim_ex.o
 .debug_frame   0x00001ce0       0x30 build/system_stm32f1xx.o
 .debug_frame   0x00001d10       0x28 build/sysmem.o
 .debug_frame   0x00001d38      0x190 build/syscalls.o
 .debug_frame   0x00001ec8       0x48 build/revolve.o
 .debug_frame   0x00001f10       0x70 build/time_keep.o
 .debug_frame   0x00001f80       0xb8 build/clock_keep.o
 .debug_frame   0x00002038       0x8c build/countdown.o
 .debug_frame   0x000020c4       0x9c build/dice.o
 .debug_frame   0x00002160       0x64 build/mode_select.o
 .debug_frame   0x000021c4       0x44 D:/arm-none-eabi-gcc/bin/../lib/gcc/arm-none-eabi/14.2.1/thumb/v7-m/nofp\libc_nano.a(libc_a-rand.o)
 .debug_frame   0x00002208      0x144 D:/arm-none-eabi-gcc/bin/../lib/gcc/arm-none-eabi/14.2.1/thumb/v7-m/nofp\libc_nano.a(libc_a-findfp.o)
 .debug_frame   0x0000234c       0x34 D:/arm-none-eabi-gcc/bin/../lib/gcc/arm-none-eabi/14.2.1/thumb/v7-m/nofp\libc_nano.a(libc_a-fwalk.o)
 .debug_frame   0x00002380       0x88 D:/arm-none-eabi-gcc/bin/../lib/gcc/arm-none-eabi/14.2.1/thumb/v7-m/nofp\libc_nano.a(libc_a-stdio.o)
 .debug_frame   0x00002408       0x20 D:/arm-none-eabi-gcc/bin/../lib/gcc/arm-none-eabi/14.2.1/thumb/v7-m/nofp\libc_nano.a(libc_a-memset.o)
 .debug_frame   0x00002428       0x2c D:/arm-none-eabi-gcc/bin/../lib/gcc/arm-none-eabi/14.2.1/thumb/v7-m/nofp\libc_nano.a(libc_a-closer.o)
 .debug_frame   0x00002454       0x38 D:/arm-none-eabi-gcc/bin/../lib/gcc/arm-none-eabi/14.2.1/thumb/v7-m/nofp\libc_nano.a(libc_a-reent.o)
 .debug_frame   0x0000248c       0x2c D:/arm-none-eabi-gcc/bin/../lib/gcc/arm-none-eabi/14.2.1/thumb/v7-m/nofp\libc_nano.a(libc_a-lseekr.o)
 .debug_frame   0x000024b8       0x2c D:/arm-none-eabi-gcc/bin/../lib/gcc/arm-none-eabi/14.2.1/thumb/v7-m/nofp\libc_nano.a(libc_a-readr.o)
 .debug_frame   0x000024e4       0x2c D:/arm-none-eabi-gcc/bin/../lib/gcc/arm-none-eabi/14.2.1/thumb/v7-m/nofp\libc_nano.a(libc_a-writer.o)
 .debug_frame   0x00002510       0x20 D:/arm-none-eabi-gcc/bin/../lib/gcc/arm-none-eabi/14.2.1/thumb/v7-m/nofp\libc_nano.a(libc_a-errno.o)
 .debug_frame   0x00002530       0x2c D:/arm-none-eabi-gcc/bin/../lib/gcc/arm-none-eabi/14.2.1/thumb/v7-m/nofp\libc_nano.a(libc_a-init.o)
 .debug_frame   0x0000255c       0xb0 D:/arm-none-eabi-gcc/bin/../lib/gcc/arm-none-eabi/14.2.1/thumb/v7-m/nofp\libc_nano.a(libc_a-lock.o)
 .debug_frame   0x0000260c       0x40 D:/arm-none-eabi-gcc/bin/../lib/gcc/arm-none-eabi/14.2.1/thumb/v7-m/nofp\libc_nano.a(libc_a-assert.o)
 .debug_frame   0x0000264c       0x38 D:/arm-none-eabi-gcc/bin/../lib/gcc/arm-none-eabi/14.2.1/thumb/v7-m/nofp\libc_nano.a(libc_a-freer.o)
 .debug_frame   0x00002684       0x30 D:/arm-none-eabi-gcc/bin/../lib/gcc/arm-none-eabi/14.2.1/thumb/v7-m/nofp\libc_nano.a(libc_a-malloc.o)
 .debug_frame   0x000026b4       0x50 D:/arm-none-eabi-gcc/bin/../lib/gcc/arm-none-eabi/14.2.1/thumb/v7-m/nofp\libc_nano.a(libc_a-mallocr.o)
 .debug_frame   0x00002704       0x30 D:/arm-none-eabi-gcc/bin/../lib/gcc/arm-none-eabi/14.2.1/thumb/v7-m/nofp\libc_nano.a(libc_a-mlock.o)
 .debug_frame   0x00002734       0x5c D:/arm-none-eabi-gcc/bin/../lib/gcc/arm-none-eabi/14.2.1/thumb/v7-m/nofp\libc_nano.a(libc_a-fflush.o)
 .debug_frame   0x00002790       0x64 D:/arm-none-eabi-gcc/bin/../lib/gcc/arm-none-eabi/14.2.1/thumb/v7-m/nofp\libc_nano.a(libc_a-fprintf.o)
 .debug_frame   0x000027f4       0x2c D:/arm-none-eabi-gcc/bin/../lib/gcc/arm-none-eabi/14.2.1/thumb/v7-m/nofp\libc_nano.a(libc_a-sbrkr.o)
 .debug_frame   0x00002820       0x28 D:/arm-none-eabi-gcc/bin/../lib/gcc/arm-none-eabi/14.2.1/thumb/v7-m/nofp\libc_nano.a(libc_a-abort.o)
 .debug_frame   0x00002848       0xa8 D:/arm-none-eabi-gcc/bin/../lib/gcc/arm-none-eabi/14.2.1/thumb/v7-m/nofp\libc_nano.a(libc_a-nano-vfprintf.o)
 .debug_frame   0x000028f0       0x60 D:/arm-none-eabi-gcc/bin/../lib/gcc/arm-none-eabi/14.2.1/thumb/v7-m/nofp\libc_nano.a(libc_a-nano-vfprintf_i.o)
 .debug_frame   0x00002950       0x40 D:/arm-none-eabi-gcc/bin/../lib/gcc/arm-none-eabi/14.2.1/thumb/v7-m/nofp\libc_nano.a(libc_a-wbuf.o)
 .debug_frame   0x00002990       0x2c D:/arm-none-eabi-gcc/bin/../lib/gcc/arm-none-eabi/14.2.1/thumb/v7-m/nofp\libc_nano.a(libc_a-wsetup.o)
 .debug_frame   0x000029bc       0xcc D:/arm-none-eabi-gcc/bin/../lib/gcc/arm-none-eabi/14.2.1/thumb/v7-m/nofp\libc_nano.a(libc_a-signal.o)
 .debug_frame   0x00002a88       0x3c D:/arm-none-eabi-gcc/bin/../lib/gcc/arm-none-eabi/14.2.1/thumb/v7-m/nofp\libc_nano.a(libc_a-signalr.o)
 .debug_frame   0x00002ac4       0x28 D:/arm-none-eabi-gcc/bin/../lib/gcc/arm-none-eabi/14.2.1/thumb/v7-m/nofp\libc_nano.a(libc_a-memchr-stub.o)
 .debug_frame   0x00002aec       0x58 D:/arm-none-eabi-gcc/bin/../lib/gcc/arm-none-eabi/14.2.1/thumb/v7-m/nofp\libc_nano.a(libc_a-makebuf.o)
 .debug_frame   0x00002b44       0x2c D:/arm-none-eabi-gcc/bin/../lib/gcc/arm-none-eabi/14.2.1/thumb/v7-m/nofp\libc_nano.a(libc_a-fstatr.o)
 .debug_frame   0x00002b70       0x2c D:/arm-none-eabi-gcc/bin/../lib/gcc/arm-none-eabi/14.2.1/thumb/v7-m/nofp\libc_nano.a(libc_a-isattyr.o)
 .debug_frame   0x00002b9c       0x30 D:/arm-none-eabi-gcc/bin/../lib/gcc/arm-none-eabi/14.2.1/thumb/v7-m/nofp\libm.a(libm_a-w_exp.o)
 .debug_frame   0x00002bcc       0x20 D:/arm-none-eabi-gcc/bin/../lib/gcc/arm-none-eabi/14.2.1/thumb/v7-m/nofp\libm.a(libm_a-s_finite.o)
 .debug_frame   0x00002bec       0x70 D:/arm-none-eabi-gcc/bin/../lib/gcc/arm-none-eabi/14.2.1/thumb/v7-m/nofp\libm.a(libm_a-e_exp.o)
 .debug_frame   0x00002c5c      0x11c D:/arm-none-eabi-gcc/bin/../lib/gcc/arm-none-eabi/14.2.1/thumb/v7-m/nofp\libm.a(libm_a-math_err.o)
 .debug_frame   0x00002d78       0x24 D:/arm-none-eabi-gcc/bin/../lib/gcc/arm-none-eabi/14.2.1/thumb/v7-m/nofp\libgcc.a(_arm_mulsf3.o)
 .debug_frame   0x00002d9c       0xac D:/arm-none-eabi-gcc/bin/../lib/gcc/arm-none-eabi/14.2.1/thumb/v7-m/nofp\libgcc.a(_arm_addsubdf3.o)
 .debug_frame   0x00002e48       0x50 D:/arm-none-eabi-gcc/bin/../lib/gcc/arm-none-eabi/14.2.1/thumb/v7-m/nofp\libgcc.a(_arm_muldivdf3.o)
 .debug_frame   0x00002e98       0xc4 D:/arm-none-eabi-gcc/bin/../lib/gcc/arm-none-eabi/14.2.1/thumb/v7-m/nofp\libgcc.a(_arm_cmpdf2.o)
 .debug_frame   0x00002f5c       0x24 D:/arm-none-eabi-gcc/bin/../lib/gcc/arm-none-eabi/14.2.1/thumb/v7-m/nofp\libgcc.a(_arm_fixdfsi.o)
 .debug_frame   0x00002f80       0x24 D:/arm-none-eabi-gcc/bin/../lib/gcc/arm-none-eabi/14.2.1/thumb/v7-m/nofp\libgcc.a(_arm_fixunsdfsi.o)
 .debug_frame   0x00002fa4       0x4c D:/arm-none-eabi-gcc/bin/../lib/gcc/arm-none-eabi/14.2.1/thumb/v7-m/nofp\libgcc.a(_arm_addsubsf3.o)
 .debug_frame   0x00002ff0       0xc8 D:/arm-none-eabi-gcc/bin/../lib/gcc/arm-none-eabi/14.2.1/thumb/v7-m/nofp\libgcc.a(_arm_cmpsf2.o)

.debug_line_str
                0x00000000       0xd7
 .debug_line_str
                0x00000000       0xd7 D:/arm-none-eabi-gcc/bin/../lib/gcc/arm-none-eabi/14.2.1/thumb/v7-m/nofp\libgcc.a(_arm_mulsf3.o)
                                 0xca (size before relaxing)
 .debug_line_str
                0x000000d7       0xca D:/arm-none-eabi-gcc/bin/../lib/gcc/arm-none-eabi/14.2.1/thumb/v7-m/nofp\libgcc.a(_arm_addsubdf3.o)
 .debug_line_str
                0x000000d7       0xca D:/arm-none-eabi-gcc/bin/../lib/gcc/arm-none-eabi/14.2.1/thumb/v7-m/nofp\libgcc.a(_arm_muldivdf3.o)
 .debug_line_str
                0x000000d7       0xca D:/arm-none-eabi-gcc/bin/../lib/gcc/arm-none-eabi/14.2.1/thumb/v7-m/nofp\libgcc.a(_arm_cmpdf2.o)
 .debug_line_str
                0x000000d7       0xca D:/arm-none-eabi-gcc/bin/../lib/gcc/arm-none-eabi/14.2.1/thumb/v7-m/nofp\libgcc.a(_arm_fixdfsi.o)
 .debug_line_str
                0x000000d7       0xca D:/arm-none-eabi-gcc/bin/../lib/gcc/arm-none-eabi/14.2.1/thumb/v7-m/nofp\libgcc.a(_arm_fixunsdfsi.o)
 .debug_line_str
                0x000000d7       0xca D:/arm-none-eabi-gcc/bin/../lib/gcc/arm-none-eabi/14.2.1/thumb/v7-m/nofp\libgcc.a(_arm_addsubsf3.o)
 .debug_line_str
                0x000000d7       0xca D:/arm-none-eabi-gcc/bin/../lib/gcc/arm-none-eabi/14.2.1/thumb/v7-m/nofp\libgcc.a(_arm_cmpsf2.o)

Cross Reference Table

Symbol                                            File
ADC1_2_IRQHandler                                 build/startup_stm32f103xb.o
AHBPrescTable                                     build/system_stm32f1xx.o
                                                  build/stm32f1xx_hal_rcc.o
APBPrescTable                                     build/system_stm32f1xx.o
                                                  build/stm32f1xx_hal_rcc.o
Blink_Control                                     build/clock_keep.o
BusFault_Handler                                  build/stm32f1xx_it.o
CAN1_RX1_IRQHandler                               build/startup_stm32f103xb.o
CAN1_SCE_IRQHandler                               build/startup_stm32f103xb.o
CODE                                              build/revolve.o
DIGIT                                             build/revolve.o
DIGIT_ARR                                         build/main.o
                                                  build/mode_select.o
                                                  build/dice.o
                                                  build/countdown.o
                                                  build/clock_keep.o
                                                  build/time_keep.o
DIGIT_COUNT                                       build/main.o
                                                  build/mode_select.o
                                                  build/dice.o
                                                  build/countdown.o
                                                  build/clock_keep.o
                                                  build/time_keep.o
DMA1_Channel1_IRQHandler                          build/startup_stm32f103xb.o
DMA1_Channel2_IRQHandler                          build/startup_stm32f103xb.o
DMA1_Channel3_IRQHandler                          build/startup_stm32f103xb.o
DMA1_Channel4_IRQHandler                          build/startup_stm32f103xb.o
DMA1_Channel5_IRQHandler                          build/startup_stm32f103xb.o
DMA1_Channel6_IRQHandler                          build/startup_stm32f103xb.o
DMA1_Channel7_IRQHandler                          build/startup_stm32f103xb.o
DebugMon_Handler                                  build/stm32f1xx_it.o
Default_Handler                                   build/startup_stm32f103xb.o
EXTI0_IRQHandler                                  build/stm32f1xx_it.o
EXTI15_10_IRQHandler                              build/startup_stm32f103xb.o
EXTI1_IRQHandler                                  build/startup_stm32f103xb.o
EXTI2_IRQHandler                                  build/startup_stm32f103xb.o
EXTI3_IRQHandler                                  build/startup_stm32f103xb.o
EXTI4_IRQHandler                                  build/startup_stm32f103xb.o
EXTI9_5_IRQHandler                                build/stm32f1xx_it.o
Error_Handler                                     build/main.o
                                                  build/tim.o
                                                  build/rtc.o
FLASH_IRQHandler                                  build/startup_stm32f103xb.o
FLASH_PageErase                                   build/stm32f1xx_hal_flash_ex.o
                                                  build/stm32f1xx_hal_flash.o
FLASH_WaitForLastOperation                        build/stm32f1xx_hal_flash.o
                                                  build/stm32f1xx_hal_flash_ex.o
HAL_DBGMCU_DisableDBGSleepMode                    build/stm32f1xx_hal.o
HAL_DBGMCU_DisableDBGStandbyMode                  build/stm32f1xx_hal.o
HAL_DBGMCU_DisableDBGStopMode                     build/stm32f1xx_hal.o
HAL_DBGMCU_EnableDBGSleepMode                     build/stm32f1xx_hal.o
HAL_DBGMCU_EnableDBGStandbyMode                   build/stm32f1xx_hal.o
HAL_DBGMCU_EnableDBGStopMode                      build/stm32f1xx_hal.o
HAL_DMA_Abort                                     build/stm32f1xx_hal_dma.o
HAL_DMA_Abort_IT                                  build/stm32f1xx_hal_dma.o
                                                  build/stm32f1xx_hal_tim_ex.o
                                                  build/stm32f1xx_hal_tim.o
HAL_DMA_DeInit                                    build/stm32f1xx_hal_dma.o
HAL_DMA_GetError                                  build/stm32f1xx_hal_dma.o
HAL_DMA_GetState                                  build/stm32f1xx_hal_dma.o
HAL_DMA_IRQHandler                                build/stm32f1xx_hal_dma.o
HAL_DMA_Init                                      build/stm32f1xx_hal_dma.o
HAL_DMA_PollForTransfer                           build/stm32f1xx_hal_dma.o
HAL_DMA_RegisterCallback                          build/stm32f1xx_hal_dma.o
HAL_DMA_Start                                     build/stm32f1xx_hal_dma.o
HAL_DMA_Start_IT                                  build/stm32f1xx_hal_dma.o
                                                  build/stm32f1xx_hal_tim_ex.o
                                                  build/stm32f1xx_hal_tim.o
HAL_DMA_UnRegisterCallback                        build/stm32f1xx_hal_dma.o
HAL_DeInit                                        build/stm32f1xx_hal.o
HAL_Delay                                         build/stm32f1xx_hal.o
                                                  build/mode_select.o
                                                  build/dice.o
                                                  build/countdown.o
                                                  build/clock_keep.o
                                                  build/time_keep.o
                                                  build/revolve.o
                                                  build/main.o
HAL_EXTI_ClearConfigLine                          build/stm32f1xx_hal_exti.o
HAL_EXTI_ClearPending                             build/stm32f1xx_hal_exti.o
HAL_EXTI_GenerateSWI                              build/stm32f1xx_hal_exti.o
HAL_EXTI_GetConfigLine                            build/stm32f1xx_hal_exti.o
HAL_EXTI_GetHandle                                build/stm32f1xx_hal_exti.o
HAL_EXTI_GetPending                               build/stm32f1xx_hal_exti.o
HAL_EXTI_IRQHandler                               build/stm32f1xx_hal_exti.o
HAL_EXTI_RegisterCallback                         build/stm32f1xx_hal_exti.o
HAL_EXTI_SetConfigLine                            build/stm32f1xx_hal_exti.o
HAL_FLASHEx_Erase                                 build/stm32f1xx_hal_flash_ex.o
HAL_FLASHEx_Erase_IT                              build/stm32f1xx_hal_flash_ex.o
HAL_FLASHEx_OBErase                               build/stm32f1xx_hal_flash_ex.o
HAL_FLASHEx_OBGetConfig                           build/stm32f1xx_hal_flash_ex.o
HAL_FLASHEx_OBGetUserData                         build/stm32f1xx_hal_flash_ex.o
HAL_FLASHEx_OBProgram                             build/stm32f1xx_hal_flash_ex.o
HAL_FLASH_EndOfOperationCallback                  build/stm32f1xx_hal_flash.o
HAL_FLASH_GetError                                build/stm32f1xx_hal_flash.o
HAL_FLASH_IRQHandler                              build/stm32f1xx_hal_flash.o
HAL_FLASH_Lock                                    build/stm32f1xx_hal_flash.o
HAL_FLASH_OB_Launch                               build/stm32f1xx_hal_flash.o
HAL_FLASH_OB_Lock                                 build/stm32f1xx_hal_flash.o
HAL_FLASH_OB_Unlock                               build/stm32f1xx_hal_flash.o
HAL_FLASH_OperationErrorCallback                  build/stm32f1xx_hal_flash.o
HAL_FLASH_Program                                 build/stm32f1xx_hal_flash.o
HAL_FLASH_Program_IT                              build/stm32f1xx_hal_flash.o
HAL_FLASH_Unlock                                  build/stm32f1xx_hal_flash.o
HAL_GPIOEx_ConfigEventout                         build/stm32f1xx_hal_gpio_ex.o
HAL_GPIOEx_DisableEventout                        build/stm32f1xx_hal_gpio_ex.o
HAL_GPIOEx_EnableEventout                         build/stm32f1xx_hal_gpio_ex.o
HAL_GPIO_DeInit                                   build/stm32f1xx_hal_gpio.o
HAL_GPIO_EXTI_Callback                            build/main.o
HAL_GPIO_EXTI_IRQHandler                          build/stm32f1xx_hal_gpio.o
                                                  build/stm32f1xx_it.o
HAL_GPIO_Init                                     build/stm32f1xx_hal_gpio.o
                                                  build/stm32f1xx_hal_rcc.o
                                                  build/gpio.o
HAL_GPIO_LockPin                                  build/stm32f1xx_hal_gpio.o
HAL_GPIO_ReadPin                                  build/stm32f1xx_hal_gpio.o
                                                  build/mode_select.o
HAL_GPIO_TogglePin                                build/stm32f1xx_hal_gpio.o
HAL_GPIO_WritePin                                 build/stm32f1xx_hal_gpio.o
                                                  build/mode_select.o
                                                  build/dice.o
                                                  build/countdown.o
                                                  build/clock_keep.o
                                                  build/time_keep.o
                                                  build/revolve.o
                                                  build/gpio.o
                                                  build/main.o
HAL_GetDEVID                                      build/stm32f1xx_hal.o
HAL_GetHalVersion                                 build/stm32f1xx_hal.o
HAL_GetREVID                                      build/stm32f1xx_hal.o
HAL_GetTick                                       build/stm32f1xx_hal.o
                                                  build/dice.o
                                                  build/countdown.o
                                                  build/clock_keep.o